Archive member included to satisfy reference by file (symbol)

c:/program files (x86)/atmel/studio/7.0/toolchain/avr8/avr8-gnu-toolchain/bin/../lib/gcc/avr/5.4.0/../../../../avr/lib/avr5\libm.a(addsf3.o)
                              APP/CoSysConverter.o (__addsf3)
c:/program files (x86)/atmel/studio/7.0/toolchain/avr8/avr8-gnu-toolchain/bin/../lib/gcc/avr/5.4.0/../../../../avr/lib/avr5\libm.a(addsf3x.o)
                              c:/program files (x86)/atmel/studio/7.0/toolchain/avr8/avr8-gnu-toolchain/bin/../lib/gcc/avr/5.4.0/../../../../avr/lib/avr5\libm.a(addsf3.o) (__addsf3x)
c:/program files (x86)/atmel/studio/7.0/toolchain/avr8/avr8-gnu-toolchain/bin/../lib/gcc/avr/5.4.0/../../../../avr/lib/avr5\libm.a(fixunssfsi.o)
                              APP/CoSysConverter.o (__fixunssfsi)
c:/program files (x86)/atmel/studio/7.0/toolchain/avr8/avr8-gnu-toolchain/bin/../lib/gcc/avr/5.4.0/../../../../avr/lib/avr5\libm.a(floatsisf.o)
                              APP/CoSysConverter.o (__floatsisf)
c:/program files (x86)/atmel/studio/7.0/toolchain/avr8/avr8-gnu-toolchain/bin/../lib/gcc/avr/5.4.0/../../../../avr/lib/avr5\libm.a(fp_inf.o)
                              c:/program files (x86)/atmel/studio/7.0/toolchain/avr8/avr8-gnu-toolchain/bin/../lib/gcc/avr/5.4.0/../../../../avr/lib/avr5\libm.a(addsf3x.o) (__fp_inf)
c:/program files (x86)/atmel/studio/7.0/toolchain/avr8/avr8-gnu-toolchain/bin/../lib/gcc/avr/5.4.0/../../../../avr/lib/avr5\libm.a(fp_nan.o)
                              c:/program files (x86)/atmel/studio/7.0/toolchain/avr8/avr8-gnu-toolchain/bin/../lib/gcc/avr/5.4.0/../../../../avr/lib/avr5\libm.a(addsf3x.o) (__fp_nan)
c:/program files (x86)/atmel/studio/7.0/toolchain/avr8/avr8-gnu-toolchain/bin/../lib/gcc/avr/5.4.0/../../../../avr/lib/avr5\libm.a(fp_pscA.o)
                              c:/program files (x86)/atmel/studio/7.0/toolchain/avr8/avr8-gnu-toolchain/bin/../lib/gcc/avr/5.4.0/../../../../avr/lib/avr5\libm.a(addsf3x.o) (__fp_pscA)
c:/program files (x86)/atmel/studio/7.0/toolchain/avr8/avr8-gnu-toolchain/bin/../lib/gcc/avr/5.4.0/../../../../avr/lib/avr5\libm.a(fp_pscB.o)
                              c:/program files (x86)/atmel/studio/7.0/toolchain/avr8/avr8-gnu-toolchain/bin/../lib/gcc/avr/5.4.0/../../../../avr/lib/avr5\libm.a(addsf3x.o) (__fp_pscB)
c:/program files (x86)/atmel/studio/7.0/toolchain/avr8/avr8-gnu-toolchain/bin/../lib/gcc/avr/5.4.0/../../../../avr/lib/avr5\libm.a(fp_round.o)
                              c:/program files (x86)/atmel/studio/7.0/toolchain/avr8/avr8-gnu-toolchain/bin/../lib/gcc/avr/5.4.0/../../../../avr/lib/avr5\libm.a(addsf3.o) (__fp_round)
c:/program files (x86)/atmel/studio/7.0/toolchain/avr8/avr8-gnu-toolchain/bin/../lib/gcc/avr/5.4.0/../../../../avr/lib/avr5\libm.a(fp_split3.o)
                              c:/program files (x86)/atmel/studio/7.0/toolchain/avr8/avr8-gnu-toolchain/bin/../lib/gcc/avr/5.4.0/../../../../avr/lib/avr5\libm.a(addsf3x.o) (__fp_split3)
c:/program files (x86)/atmel/studio/7.0/toolchain/avr8/avr8-gnu-toolchain/bin/../lib/gcc/avr/5.4.0/../../../../avr/lib/avr5\libm.a(fp_zero.o)
                              c:/program files (x86)/atmel/studio/7.0/toolchain/avr8/avr8-gnu-toolchain/bin/../lib/gcc/avr/5.4.0/../../../../avr/lib/avr5\libm.a(addsf3x.o) (__fp_zero)
c:/program files (x86)/atmel/studio/7.0/toolchain/avr8/avr8-gnu-toolchain/bin/../lib/gcc/avr/5.4.0/../../../../avr/lib/avr5\libm.a(mulsf3.o)
                              APP/CoSysConverter.o (__mulsf3)
c:/program files (x86)/atmel/studio/7.0/toolchain/avr8/avr8-gnu-toolchain/bin/../lib/gcc/avr/5.4.0/../../../../avr/lib/avr5\libm.a(mulsf3x.o)
                              c:/program files (x86)/atmel/studio/7.0/toolchain/avr8/avr8-gnu-toolchain/bin/../lib/gcc/avr/5.4.0/../../../../avr/lib/avr5\libm.a(mulsf3.o) (__mulsf3x)
c:/program files (x86)/atmel/studio/7.0/toolchain/avr8/avr8-gnu-toolchain/bin/../lib/gcc/avr/5.4.0/../../../../avr/lib/avr5\libm.a(pow.o)
                              APP/CoSysConverter.o (pow)
c:/program files (x86)/atmel/studio/7.0/toolchain/avr8/avr8-gnu-toolchain/bin/../lib/gcc/avr/5.4.0/../../../../avr/lib/avr5\libm.a(exp.o)
                              c:/program files (x86)/atmel/studio/7.0/toolchain/avr8/avr8-gnu-toolchain/bin/../lib/gcc/avr/5.4.0/../../../../avr/lib/avr5\libm.a(pow.o) (exp)
c:/program files (x86)/atmel/studio/7.0/toolchain/avr8/avr8-gnu-toolchain/bin/../lib/gcc/avr/5.4.0/../../../../avr/lib/avr5\libm.a(fp_powser.o)
                              c:/program files (x86)/atmel/studio/7.0/toolchain/avr8/avr8-gnu-toolchain/bin/../lib/gcc/avr/5.4.0/../../../../avr/lib/avr5\libm.a(exp.o) (__fp_powser)
c:/program files (x86)/atmel/studio/7.0/toolchain/avr8/avr8-gnu-toolchain/bin/../lib/gcc/avr/5.4.0/../../../../avr/lib/avr5\libm.a(inverse.o)
                              c:/program files (x86)/atmel/studio/7.0/toolchain/avr8/avr8-gnu-toolchain/bin/../lib/gcc/avr/5.4.0/../../../../avr/lib/avr5\libm.a(exp.o) (inverse)
[...]
Memory Configuration

Name             Origin             Length             Attributes
text             0x00000000         0x00008000         xr
data             0x00800060         0x00000800         rw !x
eeprom           0x00810000         0x00000400         rw !x
fuse             0x00820000         0x00000002         rw !x
lock             0x00830000         0x00000400         rw !x
signature        0x00840000         0x00000400         rw !x
user_signatures  0x00850000         0x00000400         rw !x
*default*        0x00000000         0xffffffff

Linker script and memory map

LOAD C:/Program Files (x86)/Atmel/Studio/7.0/Packs/atmel/ATmega_DFP/1.7.374/gcc/dev/atmega32/avr5/crtatmega32.o
LOAD APP/CALC.o
LOAD APP/CoSysConverter.o
LOAD APP/FireSystemSmart.o
LOAD APP/GarageSystem.o
LOAD APP/FireSystem.o
LOAD APP/MOVE.o
LOAD APP/MultiUltra.o
LOAD APP/SmartHome.o
LOAD APP/StopWatch.o
LOAD APP/TempFilter.o
LOAD HAL/KeyPad.o
LOAD HAL/KeyPad_cfg.o
LOAD HAL/LCD.o
LOAD HAL/LCD_cfg.o
LOAD HAL/MOTOR.o
LOAD HAL/MOTOR_cfg.o
LOAD HAL/RGB_LED_cfg.o
LOAD HAL/RGB_LED.o
LOAD HAL/SEGMENT.o
LOAD HAL/SEGMENT_cfg.o
LOAD HAL/SENSORS.o
LOAD HAL/SERVO.o
LOAD HAL/STEPPER.o
LOAD HAL/STEPPER_cfg.o
LOAD HAL/ULTRASONIC.o
LOAD LIBRARY/CQUEUE.o
LOAD LIBRARY/STACK.o
LOAD main.o
LOAD MCAL/ADC.o
LOAD MCAL/ADC_cfg.o
LOAD MCAL/DIO.o
LOAD MCAL/DIO_cfg.o
LOAD MCAL/EX_INTERRUPT.o
LOAD MCAL/EX_INTERRUPT_cfg.o
LOAD MCAL/I2C.o
LOAD MCAL/I2C_cfg.o
LOAD MCAL/NVM.o
LOAD MCAL/SPI.o
LOAD MCAL/Timers.o
LOAD MCAL/UART.o
LOAD MCAL/UART_cfg.o
LOAD MCAL/WDT.o
LOAD SERVICE/AdditionalFun.o
LOAD SERVICE/I2C_Services.o
LOAD SERVICE/SPI_Services.o
LOAD SERVICE/Timer_Services.o
LOAD SERVICE/UART_CQUEUE.o
LOAD SERVICE/UART_Services.o
LOAD SERVICE/UART_STACK.o
START GROUP
LOAD c:/program files (x86)/atmel/studio/7.0/toolchain/avr8/avr8-gnu-toolchain/bin/../lib/gcc/avr/5.4.0/../../../../avr/lib/avr5\libm.a
END GROUP
START GROUP
LOAD c:/program files (x86)/atmel/studio/7.0/toolchain/avr8/avr8-gnu-toolchain/bin/../lib/gcc/avr/5.4.0/avr5\libgcc.a
LOAD c:/program files (x86)/atmel/studio/7.0/toolchain/avr8/avr8-gnu-toolchain/bin/../lib/gcc/avr/5.4.0/../../../../avr/lib/avr5\libm.a
LOAD c:/program files (x86)/atmel/studio/7.0/toolchain/avr8/avr8-gnu-toolchain/bin/../lib/gcc/avr/5.4.0/../../../../avr/lib/avr5\libc.a
LOAD C:/Program Files (x86)/Atmel/Studio/7.0/Packs/atmel/ATmega_DFP/1.7.374/gcc/dev/atmega32/avr5\libatmega32.a
END GROUP
                0x00000000                __TEXT_REGION_ORIGIN__ = DEFINED (__TEXT_REGION_ORIGIN__)?__TEXT_REGION_ORIGIN__:0x0
                [0x00800060]                __DATA_REGION_ORIGIN__ = DEFINED (__DATA_REGION_ORIGIN__)?__DATA_REGION_ORIGIN__:0x800060
                [0x00008000]                __TEXT_REGION_LENGTH__ = DEFINED (__TEXT_REGION_LENGTH__)?__TEXT_REGION_LENGTH__:0x20000
                [0x00000800]                __DATA_REGION_LENGTH__ = DEFINED (__DATA_REGION_LENGTH__)?__DATA_REGION_LENGTH__:0xffa0
                [0x00000400]                __EEPROM_REGION_LENGTH__ = DEFINED (__EEPROM_REGION_LENGTH__)?__EEPROM_REGION_LENGTH__:0x10000
                [0x00000002]                __FUSE_REGION_LENGTH__ = DEFINED (__FUSE_REGION_LENGTH__)?__FUSE_REGION_LENGTH__:0x400
                0x00000400                __LOCK_REGION_LENGTH__ = DEFINED (__LOCK_REGION_LENGTH__)?__LOCK_REGION_LENGTH__:0x400
                0x00000400                __SIGNATURE_REGION_LENGTH__ = DEFINED (__SIGNATURE_REGION_LENGTH__)?__SIGNATURE_REGION_LENGTH__:0x400
                0x00000400                __USER_SIGNATURE_REGION_LENGTH__ = DEFINED (__USER_SIGNATURE_REGION_LENGTH__)?__USER_SIGNATURE_REGION_LENGTH__:0x400

.hash
 *(.hash)

.dynsym
 *(.dynsym)

.dynstr
 *(.dynstr)

.gnu.version
 *(.gnu.version)

.gnu.version_d
 *(.gnu.version_d)

.gnu.version_r
 *(.gnu.version_r)

.rel.init
 *(.rel.init)

.rela.init
 *(.rela.init)

.rel.text
 *(.rel.text)
 *(.rel.text.*)
 *(.rel.gnu.linkonce.t*)

.rela.text
 *(.rela.text)
 *(.rela.text.*)
 *(.rela.gnu.linkonce.t*)

.rel.fini
 *(.rel.fini)

.rela.fini
 *(.rela.fini)

.rel.rodata
 *(.rel.rodata)
 *(.rel.rodata.*)
 *(.rel.gnu.linkonce.r*)

.rela.rodata
 *(.rela.rodata)
 *(.rela.rodata.*)
 *(.rela.gnu.linkonce.r*)

.rel.data
 *(.rel.data)
 *(.rel.data.*)
 *(.rel.gnu.linkonce.d*)

.rela.data
 *(.rela.data)
 *(.rela.data.*)
 *(.rela.gnu.linkonce.d*)

.rel.ctors
 *(.rel.ctors)

.rela.ctors
 *(.rela.ctors)

.rel.dtors
 *(.rel.dtors)

.rela.dtors
 *(.rela.dtors)

.rel.got
 *(.rel.got)

.rela.got
 *(.rela.got)

.rel.bss
 *(.rel.bss)

.rela.bss
 *(.rela.bss)

.rel.plt
 *(.rel.plt)

.rela.plt
 *(.rela.plt)

.text           0x00000000      0xd58
 *(.vectors)
 .vectors       0x00000000       0x54 C:/Program Files (x86)/Atmel/Studio/7.0/Packs/atmel/ATmega_DFP/1.7.374/gcc/dev/atmega32/avr5/crtatmega32.o
                0x00000000                __vector_default
                0x00000000                __vectors
 *(.vectors)
 *(.progmem.gcc*)
                0x00000054                . = ALIGN (0x2)
                0x00000054                __trampolines_start = .
 *(.trampolines)
 .trampolines   0x00000054        0x0 linker stubs
 *(.trampolines*)
                0x00000054                __trampolines_end = .
 *libprintf_flt.a:*(.progmem.data)
 *libc.a:*(.progmem.data)
 *(.progmem*)
                0x00000054                . = ALIGN (0x2)
 *(.jumptables)
 *(.jumptables*)
 *(.lowtext)
 *(.lowtext*)
                0x00000054                __ctors_start = .
 *(.ctors)
                0x00000054                __ctors_end = .
                0x00000054                __dtors_start = .
 *(.dtors)
                0x00000054                __dtors_end = .
 SORT(*)(.ctors)
 SORT(*)(.dtors)
 *(.init0)
 .init0         0x00000054        0x0 C:/Program Files (x86)/Atmel/Studio/7.0/Packs/atmel/ATmega_DFP/1.7.374/gcc/dev/atmega32/avr5/crtatmega32.o
                0x00000054                __init
 *(.init0)
 *(.init1)
 *(.init1)
 *(.init2)
 .init2         0x00000054        0xc C:/Program Files (x86)/Atmel/Studio/7.0/Packs/atmel/ATmega_DFP/1.7.374/gcc/dev/atmega32/avr5/crtatmega32.o
 *(.init2)
 *(.init3)
 *(.init3)
 *(.init4)
 .init4         0x00000060       0x16 c:/program files (x86)/atmel/studio/7.0/toolchain/avr8/avr8-gnu-toolchain/bin/../lib/gcc/avr/5.4.0/avr5\libgcc.a(_copy_data.o)
                0x00000060                __do_copy_data
 .init4         0x00000076       0x10 c:/program files (x86)/atmel/studio/7.0/toolchain/avr8/avr8-gnu-toolchain/bin/../lib/gcc/avr/5.4.0/avr5\libgcc.a(_clear_bss.o)
                0x00000076                __do_clear_bss
 *(.init4)
 *(.init5)
 *(.init5)
 *(.init6)
 *(.init6)
 *(.init7)
 *(.init7)
 *(.init8)
 *(.init8)
 *(.init9)
 .init9         0x00000086        0x8 C:/Program Files (x86)/Atmel/Studio/7.0/Packs/atmel/ATmega_DFP/1.7.374/gcc/dev/atmega32/avr5/crtatmega32.o
 *(.init9)
 *(.text)
 .text          0x0000008e        0x4 C:/Program Files (x86)/Atmel/Studio/7.0/Packs/atmel/ATmega_DFP/1.7.374/gcc/dev/atmega32/avr5/crtatmega32.o
                0x0000008e                __bad_interrupt
                0x0000008e                __vector_17
                0x0000008e                __vector_19
                0x0000008e                __vector_4
                0x0000008e                __vector_14
                0x0000008e                __vector_10
                0x0000008e                __vector_16
                0x0000008e                __vector_18
                0x0000008e                __vector_20
                0x00000092                . = ALIGN (0x2)
 *(.text.*)
 .text.MOVE_Init
                0x00000092       0x4e APP/MOVE.o
                0x00000092                MOVE_Init
 .text.WriteInsterction
                0x000000e0       0xc0 HAL/LCD.o
 .text.WriteData
                0x000001a0       0xc0 HAL/LCD.o
 .text.LCD_Init
                0x00000260       0x3e HAL/LCD.o
                0x00000260                LCD_Init
 .text.LCD_WriteChar
                0x0000029e        0x6 HAL/LCD.o
                0x0000029e                LCD_WriteChar
 .text.LCD_Clear
                0x000002a4        0x8 HAL/LCD.o
                0x000002a4                LCD_Clear
 .text.LCD_WriteNumber
                0x000002ac       0xd2 HAL/LCD.o
                0x000002ac                LCD_WriteNumber
 .text.LCD_WriteString
                0x0000037e       0x1a HAL/LCD.o
                0x0000037e                LCD_WriteString
 .text.LCD_GoTo
                0x00000398       0x1c HAL/LCD.o
                0x00000398                LCD_GoTo
 .text.f1       0x000003b4       0x20 main.o
                0x000003b4                f1
 .text.f2       0x000003d4       0x20 main.o
                0x000003d4                f2
 .text.main     0x000003f4       0x3c main.o
                0x000003f4                main
 .text.DIO_InitPin
                0x00000430      0x220 MCAL/DIO.o
 .text.DIO_Init
                0x00000650       0x20 MCAL/DIO.o
                0x00000650                DIO_Init
 .text.DIO_TogglePin
                0x00000670       0x88 MCAL/DIO.o
                0x00000670                DIO_TogglePin
 .text.DIO_WritePin
                0x000006f8       0xea MCAL/DIO.o
                0x000006f8                DIO_WritePin
 .text.EX_INTERRUPT_PinState
                0x000007e2       0xee MCAL/EX_INTERRUPT.o
                0x000007e2                EX_INTERRUPT_PinState
 .text.EX_INTERRUPT_SetCallBack
                0x000008d0       0x2a MCAL/EX_INTERRUPT.o
                0x000008d0                EX_INTERRUPT_SetCallBack
 .text.__vector_1
                0x000008fa       0x52 MCAL/EX_INTERRUPT.o
                0x000008fa                __vector_1
 .text.__vector_2
                0x0000094c       0x52 MCAL/EX_INTERRUPT.o
                0x0000094c                __vector_2
 .text.__vector_3
                0x0000099e       0x52 MCAL/EX_INTERRUPT.o
                0x0000099e                __vector_3
 .text.__vector_12
                0x000009f0       0x52 MCAL/SPI.o
                0x000009f0                __vector_12
 .text.__vector_11
                0x00000a42       0x52 MCAL/Timers.o
                0x00000a42                __vector_11
 .text.__vector_9
                0x00000a94       0x52 MCAL/Timers.o
                0x00000a94                __vector_9
 .text.__vector_7
                0x00000ae6       0x52 MCAL/Timers.o
                0x00000ae6                __vector_7
 .text.__vector_8
                0x00000b38       0x52 MCAL/Timers.o
                0x00000b38                __vector_8
 .text.__vector_6
                0x00000b8a       0x52 MCAL/Timers.o
                0x00000b8a                __vector_6
 .text.__vector_5
                0x00000bdc       0x52 MCAL/Timers.o
                0x00000bdc                __vector_5
 .text.__vector_15
                0x00000c2e       0x52 MCAL/UART.o
                0x00000c2e                __vector_15
 .text.__vector_13
                0x00000c80       0x52 MCAL/UART.o
                0x00000c80                __vector_13
 .text.libgcc.div
                0x00000cd2       0x44 c:/program files (x86)/atmel/studio/7.0/toolchain/avr8/avr8-gnu-toolchain/bin/../lib/gcc/avr/5.4.0/avr5\libgcc.a(_udivmodsi4.o)
                0x00000cd2                __udivmodsi4
 .text.libgcc.div
                0x00000d16       0x2e c:/program files (x86)/atmel/studio/7.0/toolchain/avr8/avr8-gnu-toolchain/bin/../lib/gcc/avr/5.4.0/avr5\libgcc.a(_divmodsi4.o)
                0x00000d16                __divmodsi4
 .text.libgcc.div
                0x00000d44       0x10 c:/program files (x86)/atmel/studio/7.0/toolchain/avr8/avr8-gnu-toolchain/bin/../lib/gcc/avr/5.4.0/avr5\libgcc.a(_negsi2.o)
                0x00000d44                __negsi2
                0x00000d54                . = ALIGN (0x2)
 *(.fini9)
 .fini9         0x00000d54        0x0 c:/program files (x86)/atmel/studio/7.0/toolchain/avr8/avr8-gnu-toolchain/bin/../lib/gcc/avr/5.4.0/avr5\libgcc.a(_exit.o)
                0x00000d54                _exit
                0x00000d54                exit
 *(.fini9)
 *(.fini8)
 *(.fini8)
 *(.fini7)
 *(.fini7)
 *(.fini6)
 *(.fini6)
 *(.fini5)
 *(.fini5)
 *(.fini4)
 *(.fini4)
 *(.fini3)
 *(.fini3)
 *(.fini2)
 *(.fini2)
 *(.fini1)
 *(.fini1)
 *(.fini0)
 .fini0         0x00000d54        0x4 c:/program files (x86)/atmel/studio/7.0/toolchain/avr8/avr8-gnu-toolchain/bin/../lib/gcc/avr/5.4.0/avr5\libgcc.a(_exit.o)
 *(.fini0)
                0x00000d58                _etext = .

.data           0x00800060       0x3c load address 0x00000d58
                0x00800060                PROVIDE (__data_start, .)
 *(.data)
 *(.data*)
 .data.PinsStatusArray
                0x00800060       0x20 MCAL/DIO_cfg.o
                0x00800060                PinsStatusArray
 *(.gnu.linkonce.d*)
 *(.rodata)
 *(.rodata*)
 .rodata.str1.1
                0x00800080       0x16 APP/MOVE.o
 .rodata.str1.1
                0x00800096        0x6 main.o
 *(.gnu.linkonce.r*)
                0x0080009c                . = ALIGN (0x2)
                0x0080009c                _edata = .
                0x0080009c                PROVIDE (__data_end, .)

.bss            0x0080009c       0x18
                0x0080009c                PROVIDE (__bss_start, .)
 *(.bss)
 *(.bss*)
 .bss.INT2_fptr
                0x0080009c        0x2 MCAL/EX_INTERRUPT.o
 .bss.INT1_fptr
                0x0080009e        0x2 MCAL/EX_INTERRUPT.o
 .bss.INT0_fptr
                0x008000a0        0x2 MCAL/EX_INTERRUPT.o
 .bss.Spi_Fptr  0x008000a2        0x2 MCAL/SPI.o
 .bss.Timer2_OVF_Fptr
                0x008000a4        0x2 MCAL/Timers.o
 .bss.Timer1_ICU_Fptr
                0x008000a6        0x2 MCAL/Timers.o
 .bss.Timer1_OCB_Fptr
                0x008000a8        0x2 MCAL/Timers.o
 .bss.Timer1_OCA_Fptr
                0x008000aa        0x2 MCAL/Timers.o
 .bss.Timer1_OVF_Fptr
                0x008000ac        0x2 MCAL/Timers.o
 .bss.Timer0_OVF_Fptr
                0x008000ae        0x2 MCAL/Timers.o
 .bss.fptr_RX   0x008000b0        0x2 MCAL/UART.o
 .bss.fptr_TX   0x008000b2        0x2 MCAL/UART.o
 *(COMMON)
                0x008000b4                PROVIDE (__bss_end, .)
                0x00000d58                __data_load_start = LOADADDR (.data)
                0x00000d94                __data_load_end = (__data_load_start + SIZEOF (.data))

.noinit         0x008000b4        0x0
                [!provide]                PROVIDE (__noinit_start, .)
 *(.noinit*)
                [!provide]                PROVIDE (__noinit_end, .)
                0x008000b4                _end = .
                [!provide]                PROVIDE (__heap_start, .)

.eeprom         0x00810000        0x0
 *(.eeprom*)
                0x00810000                __eeprom_end = .

.fuse
 *(.fuse)
 *(.lfuse)
 *(.hfuse)
 *(.efuse)

.lock
 *(.lock*)

.signature
 *(.signature*)

.user_signatures
 *(.user_signatures*)

.stab
 *(.stab)

.stabstr
 *(.stabstr)

.stab.excl
 *(.stab.excl)

.stab.exclstr
 *(.stab.exclstr)

.stab.index
 *(.stab.index)

.stab.indexstr
 *(.stab.indexstr)

.comment        0x00000000       0x30
 *(.comment)
 .comment       0x00000000       0x30 APP/MOVE.o
                                 0x31 (size before relaxing)
 .comment       0x00000030       0x31 HAL/LCD.o
 .comment       0x00000030       0x31 main.o
 .comment       0x00000030       0x31 MCAL/DIO.o
 .comment       0x00000030       0x31 MCAL/DIO_cfg.o
 .comment       0x00000030       0x31 MCAL/EX_INTERRUPT.o
 .comment       0x00000030       0x31 MCAL/SPI.o
 .comment       0x00000030       0x31 MCAL/Timers.o
 .comment       0x00000030       0x31 MCAL/UART.o

.note.gnu.avr.deviceinfo
                0x00000000       0x3c
 .note.gnu.avr.deviceinfo
                0x00000000       0x3c C:/Program Files (x86)/Atmel/Studio/7.0/Packs/atmel/ATmega_DFP/1.7.374/gcc/dev/atmega32/avr5/crtatmega32.o

.note.gnu.build-id
 *(.note.gnu.build-id)

.debug
 *(.debug)

.line
 *(.line)

.debug_srcinfo
 *(.debug_srcinfo)

.debug_sfnames
 *(.debug_sfnames)

.debug_aranges  0x00000000      0x3f0
 *(.debug_aranges)
 .debug_aranges
                0x00000000       0x50 APP/MOVE.o
 .debug_aranges
                0x00000050       0x88 HAL/LCD.o
 .debug_aranges
                0x000000d8       0x30 main.o
 .debug_aranges
                0x00000108       0x48 MCAL/DIO.o
 .debug_aranges
                0x00000150       0x18 MCAL/DIO_cfg.o
 .debug_aranges
                0x00000168       0x40 MCAL/EX_INTERRUPT.o
 .debug_aranges
                0x000001a8       0x60 MCAL/SPI.o
 .debug_aranges
                0x00000208      0x158 MCAL/Timers.o
 .debug_aranges
                0x00000360       0x90 MCAL/UART.o

.debug_pubnames
 *(.debug_pubnames)

.debug_info     0x00000000     0x2ceb
 *(.debug_info .gnu.linkonce.wi.*)
 .debug_info    0x00000000      0x4e6 C:/Program Files (x86)/Atmel/Studio/7.0/Packs/atmel/ATmega_DFP/1.7.374/gcc/dev/atmega32/avr5/crtatmega32.o
 .debug_info    0x000004e6      0x4b0 APP/MOVE.o
 .debug_info    0x00000996      0xbe3 HAL/LCD.o
 .debug_info    0x00001579      0x3d8 main.o
 .debug_info    0x00001951      0x31c MCAL/DIO.o
 .debug_info    0x00001c6d      0x16e MCAL/DIO_cfg.o
 .debug_info    0x00001ddb      0x1a2 MCAL/EX_INTERRUPT.o
 .debug_info    0x00001f7d      0x1f1 MCAL/SPI.o
 .debug_info    0x0000216e      0x896 MCAL/Timers.o
 .debug_info    0x00002a04      0x2e7 MCAL/UART.o

.debug_abbrev   0x00000000      0xfe1
 *(.debug_abbrev)
 .debug_abbrev  0x00000000      0x4a3 C:/Program Files (x86)/Atmel/Studio/7.0/Packs/atmel/ATmega_DFP/1.7.374/gcc/dev/atmega32/avr5/crtatmega32.o
 .debug_abbrev  0x000004a3      0x155 APP/MOVE.o
 .debug_abbrev  0x000005f8      0x254 HAL/LCD.o
 .debug_abbrev  0x0000084c      0x133 main.o
 .debug_abbrev  0x0000097f      0x14e MCAL/DIO.o
 .debug_abbrev  0x00000acd       0x6e MCAL/DIO_cfg.o
 .debug_abbrev  0x00000b3b       0xcf MCAL/EX_INTERRUPT.o
 .debug_abbrev  0x00000c0a      0x11b MCAL/SPI.o
 .debug_abbrev  0x00000d25      0x140 MCAL/Timers.o
 .debug_abbrev  0x00000e65      0x17c MCAL/UART.o

.debug_line     0x00000000     0x1aea
 *(.debug_line .debug_line.* .debug_line_end)
 .debug_line    0x00000000      0x116 C:/Program Files (x86)/Atmel/Studio/7.0/Packs/atmel/ATmega_DFP/1.7.374/gcc/dev/atmega32/avr5/crtatmega32.o
 .debug_line    0x00000116      0x294 APP/MOVE.o
 .debug_line    0x000003aa      0x4e9 HAL/LCD.o
 .debug_line    0x00000893      0x1f1 main.o
 .debug_line    0x00000a84      0x2db MCAL/DIO.o
 .debug_line    0x00000d5f       0x42 MCAL/DIO_cfg.o
 .debug_line    0x00000da1      0x1f4 MCAL/EX_INTERRUPT.o
 .debug_line    0x00000f95      0x168 MCAL/SPI.o
 .debug_line    0x000010fd      0x7d6 MCAL/Timers.o
 .debug_line    0x000018d3      0x217 MCAL/UART.o

.debug_frame    0x00000000      0xba0
 *(.debug_frame)
 .debug_frame   0x00000000       0x8c APP/MOVE.o
 .debug_frame   0x0000008c      0x1a8 HAL/LCD.o
 .debug_frame   0x00000234       0x44 main.o
 .debug_frame   0x00000278       0x7c MCAL/DIO.o
 .debug_frame   0x000002f4      0x13c MCAL/EX_INTERRUPT.o
 .debug_frame   0x00000430       0xec MCAL/SPI.o
 .debug_frame   0x0000051c      0x4d4 MCAL/Timers.o
 .debug_frame   0x000009f0      0x1b0 MCAL/UART.o

.debug_str      0x00000000     0x139d
 *(.debug_str)
 .debug_str     0x00000000      0x196 C:/Program Files (x86)/Atmel/Studio/7.0/Packs/atmel/ATmega_DFP/1.7.374/gcc/dev/atmega32/avr5/crtatmega32.o
 .debug_str     0x00000196      0x20f APP/MOVE.o
                                0x243 (size before relaxing)
 .debug_str     0x000003a5      0x1c9 HAL/LCD.o
                                0x393 (size before relaxing)
 .debug_str     0x0000056e       0x8d main.o
                                0x31c (size before relaxing)
 .debug_str     0x000005fb       0xab MCAL/DIO.o
                                0x2d1 (size before relaxing)
 .debug_str     0x000006a6       0x12 MCAL/DIO_cfg.o
                                0x240 (size before relaxing)
 .debug_str     0x000006b8       0x9d MCAL/EX_INTERRUPT.o
                                0x240 (size before relaxing)
 .debug_str     0x00000755      0x108 MCAL/SPI.o
                                0x234 (size before relaxing)
 .debug_str     0x0000085d      0x9d8 MCAL/Timers.o
                                0xaff (size before relaxing)
 .debug_str     0x00001235      0x168 MCAL/UART.o
                                0x2a4 (size before relaxing)

.debug_loc      0x00000000     0x2247
 *(.debug_loc)
 .debug_loc     0x00000000      0x1f1 APP/MOVE.o
 .debug_loc     0x000001f1      0x8e6 HAL/LCD.o
 .debug_loc     0x00000ad7       0x90 main.o
 .debug_loc     0x00000b67      0x472 MCAL/DIO.o
 .debug_loc     0x00000fd9      0x37c MCAL/EX_INTERRUPT.o
 .debug_loc     0x00001355      0x14c MCAL/SPI.o
 .debug_loc     0x000014a1      0xb15 MCAL/Timers.o
 .debug_loc     0x00001fb6      0x291 MCAL/UART.o

.debug_macinfo
 *(.debug_macinfo)

.debug_weaknames
 *(.debug_weaknames)

.debug_funcnames
 *(.debug_funcnames)

.debug_typenames
 *(.debug_typenames)

.debug_varnames
 *(.debug_varnames)

.debug_pubtypes
 *(.debug_pubtypes)

.debug_ranges   0x00000000      0x358
 *(.debug_ranges)
 .debug_ranges  0x00000000       0x40 APP/MOVE.o
 .debug_ranges  0x00000040       0x78 HAL/LCD.o
 .debug_ranges  0x000000b8       0x20 main.o
 .debug_ranges  0x000000d8       0x38 MCAL/DIO.o
 .debug_ranges  0x00000110       0x30 MCAL/EX_INTERRUPT.o
 .debug_ranges  0x00000140       0x50 MCAL/SPI.o
 .debug_ranges  0x00000190      0x148 MCAL/Timers.o
 .debug_ranges  0x000002d8       0x80 MCAL/UART.o

.debug_macro
 *(.debug_macro)
OUTPUT(learning.elf elf32-avr)
LOAD linker stubs
