Archive member included to satisfy reference by file (symbol)

c:/program files (x86)/atmel/studio/7.0/toolchain/avr8/avr8-gnu-toolchain/bin/../lib/gcc/avr/5.4.0/../../../../avr/lib/avr5\libm.a(addsf3.o)
                              APP/CoSysConverter.o (__addsf3)
c:/program files (x86)/atmel/studio/7.0/toolchain/avr8/avr8-gnu-toolchain/bin/../lib/gcc/avr/5.4.0/../../../../avr/lib/avr5\libm.a(addsf3x.o)
                              c:/program files (x86)/atmel/studio/7.0/toolchain/avr8/avr8-gnu-toolchain/bin/../lib/gcc/avr/5.4.0/../../../../avr/lib/avr5\libm.a(addsf3.o) (__addsf3x)
c:/program files (x86)/atmel/studio/7.0/toolchain/avr8/avr8-gnu-toolchain/bin/../lib/gcc/avr/5.4.0/../../../../avr/lib/avr5\libm.a(fixunssfsi.o)
                              APP/CoSysConverter.o (__fixunssfsi)
c:/program files (x86)/atmel/studio/7.0/toolchain/avr8/avr8-gnu-toolchain/bin/../lib/gcc/avr/5.4.0/../../../../avr/lib/avr5\libm.a(floatsisf.o)
                              APP/CoSysConverter.o (__floatsisf)
c:/program files (x86)/atmel/studio/7.0/toolchain/avr8/avr8-gnu-toolchain/bin/../lib/gcc/avr/5.4.0/../../../../avr/lib/avr5\libm.a(fp_inf.o)
                              c:/program files (x86)/atmel/studio/7.0/toolchain/avr8/avr8-gnu-toolchain/bin/../lib/gcc/avr/5.4.0/../../../../avr/lib/avr5\libm.a(addsf3x.o) (__fp_inf)
c:/program files (x86)/atmel/studio/7.0/toolchain/avr8/avr8-gnu-toolchain/bin/../lib/gcc/avr/5.4.0/../../../../avr/lib/avr5\libm.a(fp_nan.o)
                              c:/program files (x86)/atmel/studio/7.0/toolchain/avr8/avr8-gnu-toolchain/bin/../lib/gcc/avr/5.4.0/../../../../avr/lib/avr5\libm.a(addsf3x.o) (__fp_nan)
c:/program files (x86)/atmel/studio/7.0/toolchain/avr8/avr8-gnu-toolchain/bin/../lib/gcc/avr/5.4.0/../../../../avr/lib/avr5\libm.a(fp_pscA.o)
                              c:/program files (x86)/atmel/studio/7.0/toolchain/avr8/avr8-gnu-toolchain/bin/../lib/gcc/avr/5.4.0/../../../../avr/lib/avr5\libm.a(addsf3x.o) (__fp_pscA)
c:/program files (x86)/atmel/studio/7.0/toolchain/avr8/avr8-gnu-toolchain/bin/../lib/gcc/avr/5.4.0/../../../../avr/lib/avr5\libm.a(fp_pscB.o)
                              c:/program files (x86)/atmel/studio/7.0/toolchain/avr8/avr8-gnu-toolchain/bin/../lib/gcc/avr/5.4.0/../../../../avr/lib/avr5\libm.a(addsf3x.o) (__fp_pscB)
c:/program files (x86)/atmel/studio/7.0/toolchain/avr8/avr8-gnu-toolchain/bin/../lib/gcc/avr/5.4.0/../../../../avr/lib/avr5\libm.a(fp_round.o)
                              c:/program files (x86)/atmel/studio/7.0/toolchain/avr8/avr8-gnu-toolchain/bin/../lib/gcc/avr/5.4.0/../../../../avr/lib/avr5\libm.a(addsf3.o) (__fp_round)
c:/program files (x86)/atmel/studio/7.0/toolchain/avr8/avr8-gnu-toolchain/bin/../lib/gcc/avr/5.4.0/../../../../avr/lib/avr5\libm.a(fp_split3.o)
                              c:/program files (x86)/atmel/studio/7.0/toolchain/avr8/avr8-gnu-toolchain/bin/../lib/gcc/avr/5.4.0/../../../../avr/lib/avr5\libm.a(addsf3x.o) (__fp_split3)
c:/program files (x86)/atmel/studio/7.0/toolchain/avr8/avr8-gnu-toolchain/bin/../lib/gcc/avr/5.4.0/../../../../avr/lib/avr5\libm.a(fp_zero.o)
                              c:/program files (x86)/atmel/studio/7.0/toolchain/avr8/avr8-gnu-toolchain/bin/../lib/gcc/avr/5.4.0/../../../../avr/lib/avr5\libm.a(addsf3x.o) (__fp_zero)
c:/program files (x86)/atmel/studio/7.0/toolchain/avr8/avr8-gnu-toolchain/bin/../lib/gcc/avr/5.4.0/../../../../avr/lib/avr5\libm.a(mulsf3.o)
                              APP/CoSysConverter.o (__mulsf3)
c:/program files (x86)/atmel/studio/7.0/toolchain/avr8/avr8-gnu-toolchain/bin/../lib/gcc/avr/5.4.0/../../../../avr/lib/avr5\libm.a(mulsf3x.o)
                              c:/program files (x86)/atmel/studio/7.0/toolchain/avr8/avr8-gnu-toolchain/bin/../lib/gcc/avr/5.4.0/../../../../avr/lib/avr5\libm.a(mulsf3.o) (__mulsf3x)
c:/program files (x86)/atmel/studio/7.0/toolchain/avr8/avr8-gnu-toolchain/bin/../lib/gcc/avr/5.4.0/avr5\libgcc.a(_udivmodqi4.o)
                              HAL/SEGMENT.o (__udivmodqi4)
c:/program files (x86)/atmel/studio/7.0/toolchain/avr8/avr8-gnu-toolchain/bin/../lib/gcc/avr/5.4.0/avr5\libgcc.a(_udivmodhi4.o)
                              APP/TempFilter.o (__udivmodhi4)
c:/program files (x86)/atmel/studio/7.0/toolchain/avr8/avr8-gnu-toolchain/bin/../lib/gcc/avr/5.4.0/avr5\libgcc.a(_divmodhi4.o)
                              APP/CALC.o (__divmodhi4)
c:/program files (x86)/atmel/studio/7.0/toolchain/avr8/avr8-gnu-toolchain/bin/../lib/gcc/avr/5.4.0/avr5\libgcc.a(_udivmodsi4.o)
                              HAL/LCD.o (__udivmodsi4)
c:/program files (x86)/atmel/studio/7.0/toolchain/avr8/avr8-gnu-toolchain/bin/../lib/gcc/avr/5.4.0/avr5\libgcc.a(_divmodsi4.o)
                              HAL/LCD.o (__divmodsi4)
c:/program files (x86)/atmel/studio/7.0/toolchain/avr8/avr8-gnu-toolchain/bin/../lib/gcc/avr/5.4.0/avr5\libgcc.a(_negsi2.o)
                              c:/program files (x86)/atmel/studio/7.0/toolchain/avr8/avr8-gnu-toolchain/bin/../lib/gcc/avr/5.4.0/avr5\libgcc.a(_divmodsi4.o) (__negsi2)
c:/program files (x86)/atmel/studio/7.0/toolchain/avr8/avr8-gnu-toolchain/bin/../lib/gcc/avr/5.4.0/avr5\libgcc.a(_exit.o)
                              C:/Program Files (x86)/Atmel/Studio/7.0/Packs/atmel/ATmega_DFP/1.7.374/gcc/dev/atmega32/avr5/crtatmega32.o (exit)
c:/program files (x86)/atmel/studio/7.0/toolchain/avr8/avr8-gnu-toolchain/bin/../lib/gcc/avr/5.4.0/avr5\libgcc.a(_tablejump2.o)
                              MCAL/Timers.o (__tablejump2__)
c:/program files (x86)/atmel/studio/7.0/toolchain/avr8/avr8-gnu-toolchain/bin/../lib/gcc/avr/5.4.0/avr5\libgcc.a(_copy_data.o)
                              APP/CoSysConverter.o (__do_copy_data)
c:/program files (x86)/atmel/studio/7.0/toolchain/avr8/avr8-gnu-toolchain/bin/../lib/gcc/avr/5.4.0/avr5\libgcc.a(_clear_bss.o)
                              APP/FireSystemSmart.o (__do_clear_bss)
c:/program files (x86)/atmel/studio/7.0/toolchain/avr8/avr8-gnu-toolchain/bin/../lib/gcc/avr/5.4.0/avr5\libgcc.a(_bswapsi2.o)
                              SERVICE/UART_Services.o (__bswapsi2)
c:/program files (x86)/atmel/studio/7.0/toolchain/avr8/avr8-gnu-toolchain/bin/../lib/gcc/avr/5.4.0/avr5\libgcc.a(_umulhisi3.o)
                              HAL/SENSORS.o (__umulhisi3)
c:/program files (x86)/atmel/studio/7.0/toolchain/avr8/avr8-gnu-toolchain/bin/../lib/gcc/avr/5.4.0/avr5\libgcc.a(_muluhisi3.o)
                              HAL/STEPPER.o (__muluhisi3)

Allocating common symbols
Common symbol       size              file

volt_ref            0x2               MCAL/ADC.o

Discarded input sections

 .data          0x00000000        0x0 C:/Program Files (x86)/Atmel/Studio/7.0/Packs/atmel/ATmega_DFP/1.7.374/gcc/dev/atmega32/avr5/crtatmega32.o
 .bss           0x00000000        0x0 C:/Program Files (x86)/Atmel/Studio/7.0/Packs/atmel/ATmega_DFP/1.7.374/gcc/dev/atmega32/avr5/crtatmega32.o
 .text          0x00000000        0x0 APP/CALC.o
 .data          0x00000000        0x0 APP/CALC.o
 .bss           0x00000000        0x0 APP/CALC.o
 .text.CALC_Init
                0x00000000        0x2 APP/CALC.o
 .text.CALC_Sum
                0x00000000        0xe APP/CALC.o
 .text.CALC_Sub
                0x00000000        0xe APP/CALC.o
 .text.CALC_Multi
                0x00000000       0x1a APP/CALC.o
 .text.CALC_Divdi
                0x00000000        0xe APP/CALC.o
 .comment       0x00000000       0x31 APP/CALC.o
 .text          0x00000000        0x0 APP/CoSysConverter.o
 .data          0x00000000        0x0 APP/CoSysConverter.o
 .bss           0x00000000        0x0 APP/CoSysConverter.o
 .rodata.str1.1
                0x00000000       0x95 APP/CoSysConverter.o
 .text.CoSyConverter_FirstScreen
                0x00000000       0x20 APP/CoSysConverter.o
 .text.CoSyConverter_Init
                0x00000000       0xce APP/CoSysConverter.o
 .text.CoSyConverter_ConvertFromScreen
                0x00000000       0x68 APP/CoSysConverter.o
 .text.power    0x00000000       0x24 APP/CoSysConverter.o
 .text.CoSyConverter_Converter
                0x00000000       0x7c APP/CoSysConverter.o
 .text.CoSyConverter_ConvertHexToDecimal
                0x00000000       0x6e APP/CoSysConverter.o
 .text.CoSyConverter_ConvertBinaryToDecimal
                0x00000000       0x42 APP/CoSysConverter.o
 .comment       0x00000000       0x31 APP/CoSysConverter.o
 .text          0x00000000        0x0 APP/FireSystemSmart.o
 .data          0x00000000        0x0 APP/FireSystemSmart.o
 .bss           0x00000000        0x0 APP/FireSystemSmart.o
 .text.FireSystemSmart_Init
                0x00000000       0x12 APP/FireSystemSmart.o
 .rodata.str1.1
                0x00000000       0x1c APP/FireSystemSmart.o
 .text.FireSystemSmart_Runnable
                0x00000000       0xd6 APP/FireSystemSmart.o
 .text.FireSystemSmart_ExitDangerMode
                0x00000000        0xe APP/FireSystemSmart.o
 .bss.flag      0x00000000        0x1 APP/FireSystemSmart.o
 .bss.temprature
                0x00000000        0x1 APP/FireSystemSmart.o
 .comment       0x00000000       0x31 APP/FireSystemSmart.o
 .text          0x00000000        0x0 APP/GarageSystem.o
 .data          0x00000000        0x0 APP/GarageSystem.o
 .bss           0x00000000        0x0 APP/GarageSystem.o
 .rodata.str1.1
                0x00000000       0x9a APP/GarageSystem.o
 .text.intial_screen
                0x00000000       0x20 APP/GarageSystem.o
 .text.GarageSystem_Init
                0x00000000       0x90 APP/GarageSystem.o
 .text.GarageSystem_Runnable
                0x00000000      0x4fc APP/GarageSystem.o
 .bss.c_wrong_pass
                0x00000000        0x1 APP/GarageSystem.o
 .bss.temp      0x00000000        0x1 APP/GarageSystem.o
 .data.new_pass_f
                0x00000000        0x1 APP/GarageSystem.o
 .data.chang_f  0x00000000        0x1 APP/GarageSystem.o
 .data.pass_page_f
                0x00000000        0x1 APP/GarageSystem.o
 .bss.intial_screen_f
                0x00000000        0x1 APP/GarageSystem.o
 .bss.password  0x00000000        0x1 APP/GarageSystem.o
 .comment       0x00000000       0x31 APP/GarageSystem.o
 .text          0x00000000        0x0 APP/FireSystem.o
 .data          0x00000000        0x0 APP/FireSystem.o
 .bss           0x00000000        0x0 APP/FireSystem.o
 .text.FireSystem_Init
                0x00000000       0x12 APP/FireSystem.o
 .rodata.str1.1
                0x00000000       0x41 APP/FireSystem.o
 .text.FireSystem_Runnable
                0x00000000      0x190 APP/FireSystem.o
 .data.k        0x00000000        0x1 APP/FireSystem.o
 .bss.flag      0x00000000        0x1 APP/FireSystem.o
 .bss.temp_keypad
                0x00000000        0x2 APP/FireSystem.o
 .bss.temprature
                0x00000000        0x1 APP/FireSystem.o
 .comment       0x00000000       0x31 APP/FireSystem.o
 .text          0x00000000        0x0 APP/MOVE.o
 .data          0x00000000        0x0 APP/MOVE.o
 .bss           0x00000000        0x0 APP/MOVE.o
 .rodata.str1.1
                0x00000000       0x16 APP/MOVE.o
 .text.MOVE_Init
                0x00000000       0x66 APP/MOVE.o
 .text.MOVE_Forword
                0x00000000        0xc APP/MOVE.o
 .text.MOVE_Reversed
                0x00000000        0xc APP/MOVE.o
 .text.MOVE_Right
                0x00000000        0xc APP/MOVE.o
 .text.MOVE_Left
                0x00000000        0xc APP/MOVE.o
 .text.MOVE_Stop
                0x00000000        0xc APP/MOVE.o
 .text.MOVE_Runnable
                0x00000000       0x70 APP/MOVE.o
 .comment       0x00000000       0x31 APP/MOVE.o
 .text          0x00000000        0x0 APP/MultiUltra.o
 .data          0x00000000        0x0 APP/MultiUltra.o
 .bss           0x00000000        0x0 APP/MultiUltra.o
 .text.MultiUltra_Init
                0x00000000       0x2a APP/MultiUltra.o
 .text.MultiUltra_Runnable
                0x00000000       0x26 APP/MultiUltra.o
 .text.MultiUltra_Getter
                0x00000000       0x12 APP/MultiUltra.o
 .bss.arr       0x00000000        0x8 APP/MultiUltra.o
 .comment       0x00000000       0x31 APP/MultiUltra.o
 .text          0x00000000        0x0 APP/SmartHome.o
 .data          0x00000000        0x0 APP/SmartHome.o
 .bss           0x00000000        0x0 APP/SmartHome.o
 .text.SmartHome_OpenDoor
                0x00000000        0xc APP/SmartHome.o
 .text.SmartHome_closeDoor
                0x00000000        0xc APP/SmartHome.o
 .text.SmartHome_stopFireAlarm
                0x00000000        0xa APP/SmartHome.o
 .text.SmartHome_turnOnLed
                0x00000000       0x22 APP/SmartHome.o
 .text.SmartHome_turnOffLed
                0x00000000       0x22 APP/SmartHome.o
 .text.SmartHome_turnOnFan
                0x00000000        0xe APP/SmartHome.o
 .text.SmartHome_turnOffFan
                0x00000000        0xe APP/SmartHome.o
 .text.SmartHome_init
                0x00000000       0x14 APP/SmartHome.o
 .rodata.str1.1
                0x00000000       0x64 APP/SmartHome.o
 .text.SmartHome_Runnable
                0x00000000       0xaa APP/SmartHome.o
 .bss.i         0x00000000        0x1 APP/SmartHome.o
 .rodata.command_struct_arr
                0x00000000       0x1c APP/SmartHome.o
 .bss.f_search  0x00000000        0x1 APP/SmartHome.o
 .bss.command_num
                0x00000000        0x1 APP/SmartHome.o
 .bss.command_str
                0x00000000       0x14 APP/SmartHome.o
 .bss.receive_str
                0x00000000       0x19 APP/SmartHome.o
 .comment       0x00000000       0x31 APP/SmartHome.o
 .text          0x00000000        0x0 APP/StopWatch.o
 .data          0x00000000        0x0 APP/StopWatch.o
 .bss           0x00000000        0x0 APP/StopWatch.o
 .text.StopWatch_Init
                0x00000000        0x6 APP/StopWatch.o
 .text.StopWatch_Reset
                0x00000000        0x4 APP/StopWatch.o
 .comment       0x00000000       0x31 APP/StopWatch.o
 .text          0x00000000        0x0 APP/TempFilter.o
 .data          0x00000000        0x0 APP/TempFilter.o
 .bss           0x00000000        0x0 APP/TempFilter.o
 .text.TempFilter_Init
                0x00000000       0x5c APP/TempFilter.o
 .text.TempFilter_Runnable
                0x00000000       0x68 APP/TempFilter.o
 .text.TempFilter_Getter
                0x00000000        0xa APP/TempFilter.o
 .bss.index_arrADC.1646
                0x00000000        0x1 APP/TempFilter.o
 .bss.total_temp
                0x00000000        0x2 APP/TempFilter.o
 .bss.average_temp
                0x00000000        0x2 APP/TempFilter.o
 .bss.arr_adc   0x00000000       0x14 APP/TempFilter.o
 .comment       0x00000000       0x31 APP/TempFilter.o
 .text          0x00000000        0x0 HAL/KeyPad.o
 .data          0x00000000        0x0 HAL/KeyPad.o
 .bss           0x00000000        0x0 HAL/KeyPad.o
 .text.KeyPad_Init
                0x00000000       0x20 HAL/KeyPad.o
 .text.KeyPad_GetKey
                0x00000000       0x78 HAL/KeyPad.o
 .comment       0x00000000       0x31 HAL/KeyPad.o
 .text          0x00000000        0x0 HAL/KeyPad_cfg.o
 .data          0x00000000        0x0 HAL/KeyPad_cfg.o
 .bss           0x00000000        0x0 HAL/KeyPad_cfg.o
 .rodata.KeysArray
                0x00000000       0x10 HAL/KeyPad_cfg.o
 .comment       0x00000000       0x31 HAL/KeyPad_cfg.o
 .text          0x00000000        0x0 HAL/LCD.o
 .data          0x00000000        0x0 HAL/LCD.o
 .bss           0x00000000        0x0 HAL/LCD.o
 .text.WriteInsterction
                0x00000000       0xc0 HAL/LCD.o
 .text.LCD_Init
                0x00000000       0x3c HAL/LCD.o
 .text.LCD_WriteChar
                0x00000000        0x4 HAL/LCD.o
 .text.LCD_Clear
                0x00000000        0x6 HAL/LCD.o
 .text.LCD_WriteNumber
                0x00000000       0xcc HAL/LCD.o
 .text.LCD_WriteString
                0x00000000       0x18 HAL/LCD.o
 .text.LCD_WriteBinary
                0x00000000       0x3a HAL/LCD.o
 .rodata        0x00000000       0x10 HAL/LCD.o
 .text.LCD_WriteHex
                0x00000000       0x68 HAL/LCD.o
 .text.LCD_ReturnHome
                0x00000000        0x6 HAL/LCD.o
 .text.LCD_GoTo
                0x00000000       0x16 HAL/LCD.o
 .text.LCD_GoToClear
                0x00000000       0x20 HAL/LCD.o
 .text.LCD_CreateCharacter
                0x00000000       0x38 HAL/LCD.o
 .text          0x00000000        0x0 HAL/LCD_cfg.o
 .data          0x00000000        0x0 HAL/LCD_cfg.o
 .bss           0x00000000        0x0 HAL/LCD_cfg.o
 .comment       0x00000000       0x31 HAL/LCD_cfg.o
 .text          0x00000000        0x0 HAL/MOTOR.o
 .data          0x00000000        0x0 HAL/MOTOR.o
 .bss           0x00000000        0x0 HAL/MOTOR.o
 .text.MOTOR_Stop
                0x00000000       0x24 HAL/MOTOR.o
 .text.MOTOR_CW
                0x00000000       0x24 HAL/MOTOR.o
 .text.MOTOR_CCW
                0x00000000       0x24 HAL/MOTOR.o
 .comment       0x00000000       0x31 HAL/MOTOR.o
 .text          0x00000000        0x0 HAL/MOTOR_cfg.o
 .data          0x00000000        0x0 HAL/MOTOR_cfg.o
 .bss           0x00000000        0x0 HAL/MOTOR_cfg.o
 .rodata.MotorPinsArray
                0x00000000        0x8 HAL/MOTOR_cfg.o
 .comment       0x00000000       0x31 HAL/MOTOR_cfg.o
 .text          0x00000000        0x0 HAL/RGB_LED_cfg.o
 .data          0x00000000        0x0 HAL/RGB_LED_cfg.o
 .bss           0x00000000        0x0 HAL/RGB_LED_cfg.o
 .rodata.RGB_LED_ColorsArray
                0x00000000       0x57 HAL/RGB_LED_cfg.o
 .comment       0x00000000       0x31 HAL/RGB_LED_cfg.o
 .text          0x00000000        0x0 HAL/RGB_LED.o
 .data          0x00000000        0x0 HAL/RGB_LED.o
 .bss           0x00000000        0x0 HAL/RGB_LED.o
 .text.ShowRoom
                0x00000000       0xc8 HAL/RGB_LED.o
 .text.RGB_LED_init
                0x00000000       0x6c HAL/RGB_LED.o
 .text.RGB_LED_Off
                0x00000000       0x12 HAL/RGB_LED.o
 .text.RGB_LED_SetColorByColor
                0x00000000       0x44 HAL/RGB_LED.o
 .text.RGB_LED_SetColorByRGB
                0x00000000       0x1c HAL/RGB_LED.o
 .text.RGB_LED_MoveByShowRoom
                0x00000000       0x56 HAL/RGB_LED.o
 .bss.c_rgb     0x00000000        0x1 HAL/RGB_LED.o
 .bss.color_ptr
                0x00000000        0x2 HAL/RGB_LED.o
 .comment       0x00000000       0x31 HAL/RGB_LED.o
 .text          0x00000000        0x0 HAL/SEGMENT.o
 .data          0x00000000        0x0 HAL/SEGMENT.o
 .bss           0x00000000        0x0 HAL/SEGMENT.o
 .rodata        0x00000000        0xa HAL/SEGMENT.o
 .text.SEGMENT_Decimal
                0x00000000       0x60 HAL/SEGMENT.o
 .text.SEGMENT_Hex
                0x00000000       0x1c HAL/SEGMENT.o
 .text.SEGMENT_Mlx
                0x00000000       0xa4 HAL/SEGMENT.o
 .comment       0x00000000       0x31 HAL/SEGMENT.o
 .text          0x00000000        0x0 HAL/SEGMENT_cfg.o
 .data          0x00000000        0x0 HAL/SEGMENT_cfg.o
 .bss           0x00000000        0x0 HAL/SEGMENT_cfg.o
 .comment       0x00000000       0x31 HAL/SEGMENT_cfg.o
 .text          0x00000000        0x0 HAL/SENSORS.o
 .data          0x00000000        0x0 HAL/SENSORS.o
 .bss           0x00000000        0x0 HAL/SENSORS.o
 .text.SENSORS_TempRead
                0x00000000        0x6 HAL/SENSORS.o
 .text.SENSORS_MpxRead
                0x00000000       0x28 HAL/SENSORS.o
 .text.SENSORS_NTC10KGetTemp
                0x00000000       0x44 HAL/SENSORS.o
 .rodata.NTC_LockTable
                0x00000000       0xca HAL/SENSORS.o
 .comment       0x00000000       0x31 HAL/SENSORS.o
 .text          0x00000000        0x0 HAL/SERVO.o
 .data          0x00000000        0x0 HAL/SERVO.o
 .bss           0x00000000        0x0 HAL/SERVO.o
 .text.SERVO_init
                0x00000000       0x16 HAL/SERVO.o
 .text.SERVO_SetAngle
                0x00000000       0x22 HAL/SERVO.o
 .text.SERVO_SG90_SetAngle
                0x00000000       0x22 HAL/SERVO.o
 .comment       0x00000000       0x31 HAL/SERVO.o
 .text          0x00000000        0x0 HAL/STEPPER.o
 .data          0x00000000        0x0 HAL/STEPPER.o
 .bss           0x00000000        0x0 HAL/STEPPER.o
 .text.STEPPER_BiPoler_CW
                0x00000000       0xb2 HAL/STEPPER.o
 .text.STEPPER_BiPoler_CCW
                0x00000000       0xb2 HAL/STEPPER.o
 .text.STEPPER_UniPoler_CW
                0x00000000       0xb2 HAL/STEPPER.o
 .text.STEPPER_UniPoler_CCW
                0x00000000       0xb2 HAL/STEPPER.o
 .text.STEPPER_UniPoler_CW_HS
                0x00000000      0x162 HAL/STEPPER.o
 .text.STEPPER_UniPoler_ByAngle
                0x00000000       0xa2 HAL/STEPPER.o
 .text.STEPPER_UniPoler_ByRotate
                0x00000000       0x8e HAL/STEPPER.o
 .text.STEPPER_UniPoler_OFF
                0x00000000       0x80 HAL/STEPPER.o
 .comment       0x00000000       0x31 HAL/STEPPER.o
 .text          0x00000000        0x0 HAL/STEPPER_cfg.o
 .data          0x00000000        0x0 HAL/STEPPER_cfg.o
 .bss           0x00000000        0x0 HAL/STEPPER_cfg.o
 .comment       0x00000000       0x31 HAL/STEPPER_cfg.o
 .text          0x00000000        0x0 HAL/ULTRASONIC.o
 .data          0x00000000        0x0 HAL/ULTRASONIC.o
 .bss           0x00000000        0x0 HAL/ULTRASONIC.o
 .text.f2       0x00000000       0x14 HAL/ULTRASONIC.o
 .text.f1       0x00000000       0x46 HAL/ULTRASONIC.o
 .text.ULTRASONIC_Init
                0x00000000       0x18 HAL/ULTRASONIC.o
 .text.ULTRASONIC_GetDistance
                0x00000000       0x9a HAL/ULTRASONIC.o
 .bss.start_pulse
                0x00000000        0x1 HAL/ULTRASONIC.o
 .bss.counter_ovf
                0x00000000        0x1 HAL/ULTRASONIC.o
 .bss.flag      0x00000000        0x1 HAL/ULTRASONIC.o
 .bss.t2        0x00000000        0x2 HAL/ULTRASONIC.o
 .bss.t1        0x00000000        0x2 HAL/ULTRASONIC.o
 .comment       0x00000000       0x31 HAL/ULTRASONIC.o
 .text          0x00000000        0x0 LIBRARY/CQUEUE.o
 .data          0x00000000        0x0 LIBRARY/CQUEUE.o
 .bss           0x00000000        0x0 LIBRARY/CQUEUE.o
 .comment       0x00000000       0x31 LIBRARY/CQUEUE.o
 .text          0x00000000        0x0 LIBRARY/STACK.o
 .data          0x00000000        0x0 LIBRARY/STACK.o
 .bss           0x00000000        0x0 LIBRARY/STACK.o
 .text.STACK_SetStack
                0x00000000        0xe LIBRARY/STACK.o
 .text.STACK_push
                0x00000000       0x2e LIBRARY/STACK.o
 .text.STACK_pop
                0x00000000       0x2c LIBRARY/STACK.o
 .text.STACK_isEmpty
                0x00000000        0xc LIBRARY/STACK.o
 .text.STACK_isFull
                0x00000000       0x10 LIBRARY/STACK.o
 .bss.sp        0x00000000        0x1 LIBRARY/STACK.o
 .bss.STACK_SIZE
                0x00000000        0x1 LIBRARY/STACK.o
 .bss.stack     0x00000000        0x2 LIBRARY/STACK.o
 .comment       0x00000000       0x31 LIBRARY/STACK.o
 .text          0x00000000        0x0 main.o
 .data          0x00000000        0x0 main.o
 .bss           0x00000000        0x0 main.o
 .text          0x00000000        0x0 MCAL/ADC.o
 .data          0x00000000        0x0 MCAL/ADC.o
 .bss           0x00000000        0x0 MCAL/ADC.o
 .text.ADC_Init
                0x00000000       0x3c MCAL/ADC.o
 .text.ADC_Read
                0x00000000       0x1e MCAL/ADC.o
 .text.ADC_ReadToMiliVolt
                0x00000000       0x26 MCAL/ADC.o
 .text.ADC_StartConverstion
                0x00000000       0x1e MCAL/ADC.o
 .text.ADC_GetRead
                0x00000000        0xa MCAL/ADC.o
 .text.ADC_GetReadPeriodic
                0x00000000       0x1a MCAL/ADC.o
 .text.ADC_GetReadNoBlock
                0x00000000        0x6 MCAL/ADC.o
 .data.adc_flag
                0x00000000        0x1 MCAL/ADC.o
 .comment       0x00000000       0x31 MCAL/ADC.o
 COMMON         0x00000000        0x2 MCAL/ADC.o
 .text          0x00000000        0x0 MCAL/ADC_cfg.o
 .data          0x00000000        0x0 MCAL/ADC_cfg.o
 .bss           0x00000000        0x0 MCAL/ADC_cfg.o
 .comment       0x00000000       0x31 MCAL/ADC_cfg.o
 .text          0x00000000        0x0 MCAL/DIO.o
 .data          0x00000000        0x0 MCAL/DIO.o
 .bss           0x00000000        0x0 MCAL/DIO.o
 .text.DIO_ReadPin
                0x00000000       0x40 MCAL/DIO.o
 .text.DIO_WritePort
                0x00000000       0x20 MCAL/DIO.o
 .text          0x00000000        0x0 MCAL/DIO_cfg.o
 .data          0x00000000        0x0 MCAL/DIO_cfg.o
 .bss           0x00000000        0x0 MCAL/DIO_cfg.o
 .text          0x00000000        0x0 MCAL/EX_INTERRUPT.o
 .data          0x00000000        0x0 MCAL/EX_INTERRUPT.o
 .bss           0x00000000        0x0 MCAL/EX_INTERRUPT.o
 .text.EX_INTERRUPT_PinState
                0x00000000       0xc2 MCAL/EX_INTERRUPT.o
 .text.EX_INTERRUPT_SetCallBack
                0x00000000       0x2a MCAL/EX_INTERRUPT.o
 .text          0x00000000        0x0 MCAL/EX_INTERRUPT_cfg.o
 .data          0x00000000        0x0 MCAL/EX_INTERRUPT_cfg.o
 .bss           0x00000000        0x0 MCAL/EX_INTERRUPT_cfg.o
 .text.INT0_F   0x00000000        0x2 MCAL/EX_INTERRUPT_cfg.o
 .text.INT1_F   0x00000000        0x2 MCAL/EX_INTERRUPT_cfg.o
 .text.INT2_F   0x00000000        0x2 MCAL/EX_INTERRUPT_cfg.o
 .comment       0x00000000       0x31 MCAL/EX_INTERRUPT_cfg.o
 .text          0x00000000        0x0 MCAL/I2C.o
 .data          0x00000000        0x0 MCAL/I2C.o
 .bss           0x00000000        0x0 MCAL/I2C.o
 .text.I2C_Init
                0x00000000        0x2 MCAL/I2C.o
 .text.I2C_DeInit
                0x00000000        0xc MCAL/I2C.o
 .text.I2C_Master_Send_Start
                0x00000000        0xc MCAL/I2C.o
 .text.I2C_Master_Send_RepStart
                0x00000000        0xc MCAL/I2C.o
 .text.I2C_Master_Send_Stop
                0x00000000        0xc MCAL/I2C.o
 .text.I2C_Master_SendData
                0x00000000        0xc MCAL/I2C.o
 .text.I2C_Master_ReceiveData
                0x00000000        0xc MCAL/I2C.o
 .comment       0x00000000       0x31 MCAL/I2C.o
 .text          0x00000000        0x0 MCAL/I2C_cfg.o
 .data          0x00000000        0x0 MCAL/I2C_cfg.o
 .bss           0x00000000        0x0 MCAL/I2C_cfg.o
 .comment       0x00000000       0x31 MCAL/I2C_cfg.o
 .text          0x00000000        0x0 MCAL/NVM.o
 .data          0x00000000        0x0 MCAL/NVM.o
 .bss           0x00000000        0x0 MCAL/NVM.o
 .text.NVM_Write8
                0x00000000       0x10 MCAL/NVM.o
 .text.NVM_Write16
                0x00000000       0x1e MCAL/NVM.o
 .text.NVM_Write32
                0x00000000       0x52 MCAL/NVM.o
 .text.NVM_Raed8
                0x00000000        0xe MCAL/NVM.o
 .text.NVM_Raed16
                0x00000000       0x2a MCAL/NVM.o
 .text.NVM_Raed32
                0x00000000       0x66 MCAL/NVM.o
 .comment       0x00000000       0x31 MCAL/NVM.o
 .text          0x00000000        0x0 MCAL/SPI.o
 .data          0x00000000        0x0 MCAL/SPI.o
 .bss           0x00000000        0x0 MCAL/SPI.o
 .text.SPI_Init
                0x00000000       0x12 MCAL/SPI.o
 .text.SPI_SendReceiveData_Busyw8
                0x00000000        0xa MCAL/SPI.o
 .text.SPI_SLave_RecvivePeriodic
                0x00000000       0x16 MCAL/SPI.o
 .text.SPI_SendDataNoBlock
                0x00000000        0x4 MCAL/SPI.o
 .text.SPI_ReceiveDataNoBlock
                0x00000000        0x4 MCAL/SPI.o
 .text.SPI_Interrupt_Enable
                0x00000000        0x4 MCAL/SPI.o
 .text.SPI_Interrupt_Disable
                0x00000000        0x4 MCAL/SPI.o
 .text.Spi_Set_callBack
                0x00000000        0xa MCAL/SPI.o
 .text          0x00000000        0x0 MCAL/Timers.o
 .data          0x00000000        0x0 MCAL/Timers.o
 .bss           0x00000000        0x0 MCAL/Timers.o
 .text.TIMER0_Init
                0x00000000       0x40 MCAL/Timers.o
 .text.TIMER0_OC0Mode
                0x00000000       0x36 MCAL/Timers.o
 .text.TIMER0_OV_InterruptEnable
                0x00000000        0x8 MCAL/Timers.o
 .text.TIMER0_OV_InterruptDisable
                0x00000000        0x8 MCAL/Timers.o
 .text.TIMER0_OC_InterruptEnable
                0x00000000        0x8 MCAL/Timers.o
 .text.TIMER0_OC_InterruptDisable
                0x00000000        0x8 MCAL/Timers.o
 .text.Timer0_OVF_SetCallBack
                0x00000000        0xa MCAL/Timers.o
 .text.TIMER0_OCA_SetCallBack
                0x00000000        0xa MCAL/Timers.o
 .text.TIMER0_OCA_vect
                0x00000000       0x52 MCAL/Timers.o
 .text.Timer1_Init
                0x00000000       0xb8 MCAL/Timers.o
 .progmem.gcc_sw_table.Timer1_Init
                0x00000000       0x20 MCAL/Timers.o
 .text.Timer1_OCRA1Mode
                0x00000000       0x36 MCAL/Timers.o
 .text.Timer1_OCRB1Mode
                0x00000000       0x36 MCAL/Timers.o
 .text.Timer1_InputCaptureEdge
                0x00000000       0x16 MCAL/Timers.o
 .text.Timer1_ICU_InterruptEnable
                0x00000000        0x8 MCAL/Timers.o
 .text.Timer1_ICU_InterruptDisable
                0x00000000        0x8 MCAL/Timers.o
 .text.Timer1_OVF_InterruptEnable
                0x00000000        0x8 MCAL/Timers.o
 .text.Timer1_OVF_InterruptDisable
                0x00000000        0x8 MCAL/Timers.o
 .text.Timer1_OCA_InterruptEnable
                0x00000000        0x8 MCAL/Timers.o
 .text.Timer1_OCA_InterruptDisable
                0x00000000        0x8 MCAL/Timers.o
 .text.Timer1_OCB_InterruptEnable
                0x00000000        0x8 MCAL/Timers.o
 .text.Timer1_OCB_InterruptDisable
                0x00000000        0x8 MCAL/Timers.o
 .text.Timer1_OVF_SetCallBack
                0x00000000        0xa MCAL/Timers.o
 .text.Timer1_OCA_SetCallBack
                0x00000000        0xa MCAL/Timers.o
 .text.Timer1_OCB_SetCallBack
                0x00000000        0xa MCAL/Timers.o
 .text.Timer1_ICU_SetCallBack
                0x00000000        0xa MCAL/Timers.o
 .text.TIMER2_Init
                0x00000000       0x40 MCAL/Timers.o
 .text.TIMER2_OC2Mode
                0x00000000       0x36 MCAL/Timers.o
 .text.TIMER2_OV_InterruptEnable
                0x00000000        0x8 MCAL/Timers.o
 .text.TIMER2_OV_InterruptDisable
                0x00000000        0x8 MCAL/Timers.o
 .text.TIMER2_OC_InterruptEnable
                0x00000000        0x8 MCAL/Timers.o
 .text.TIMER2_OC_InterruptDisable
                0x00000000        0x8 MCAL/Timers.o
 .text.TIMER2_OVF_SetCallBack
                0x00000000        0xa MCAL/Timers.o
 .text.TIMER2_OCA_SetCallBack
                0x00000000        0xa MCAL/Timers.o
 .text.TIMER2_OCA_vect
                0x00000000       0x52 MCAL/Timers.o
 .bss.Timer2_OCA_Fptr
                0x00000000        0x2 MCAL/Timers.o
 .bss.Timer0_OCA_Fptr
                0x00000000        0x2 MCAL/Timers.o
 .text          0x00000000        0x0 MCAL/UART.o
 .data          0x00000000        0x0 MCAL/UART.o
 .bss           0x00000000        0x0 MCAL/UART.o
 .text.UART_init
                0x00000000        0xc MCAL/UART.o
 .text.UART_SendDatau8_BusyW8
                0x00000000        0x8 MCAL/UART.o
 .text.UART_ReceiveDatau8_BusyW8
                0x00000000        0x8 MCAL/UART.o
 .text.UART_ReceiveDatau8_periodic
                0x00000000       0x16 MCAL/UART.o
 .text.UART_reciveCheckSum
                0x00000000       0x38 MCAL/UART.o
 .text.UART_SendData_NoBlock
                0x00000000        0x4 MCAL/UART.o
 .text.UART_ReceiveData_NoBlock
                0x00000000        0x4 MCAL/UART.o
 .text.UART_RX_InterruptEnable
                0x00000000        0x4 MCAL/UART.o
 .text.UART_RX_InterruptDisable
                0x00000000        0x4 MCAL/UART.o
 .text.UART_TX_InterruptEnable
                0x00000000        0x4 MCAL/UART.o
 .text.UART_TX_InterruptDisable
                0x00000000        0x4 MCAL/UART.o
 .text.UART_TX_SetCallBack
                0x00000000        0xa MCAL/UART.o
 .text.UART_RX_SetCallBack
                0x00000000        0xa MCAL/UART.o
 .text          0x00000000        0x0 MCAL/UART_cfg.o
 .data          0x00000000        0x0 MCAL/UART_cfg.o
 .bss           0x00000000        0x0 MCAL/UART_cfg.o
 .comment       0x00000000       0x31 MCAL/UART_cfg.o
 .text          0x00000000        0x0 MCAL/WDT.o
 .data          0x00000000        0x0 MCAL/WDT.o
 .bss           0x00000000        0x0 MCAL/WDT.o
 .text.WDT_start
                0x00000000        0xc MCAL/WDT.o
 .text.WDT_stop
                0x00000000        0xa MCAL/WDT.o
 .comment       0x00000000       0x31 MCAL/WDT.o
 .text          0x00000000        0x0 SERVICE/AdditionalFun.o
 .data          0x00000000        0x0 SERVICE/AdditionalFun.o
 .bss           0x00000000        0x0 SERVICE/AdditionalFun.o
 .text.string_compare
                0x00000000       0x30 SERVICE/AdditionalFun.o
 .text.SubStringtoStrAndNum
                0x00000000       0x7e SERVICE/AdditionalFun.o
 .comment       0x00000000       0x31 SERVICE/AdditionalFun.o
 .text          0x00000000        0x0 SERVICE/I2C_Services.o
 .data          0x00000000        0x0 SERVICE/I2C_Services.o
 .bss           0x00000000        0x0 SERVICE/I2C_Services.o
 .comment       0x00000000       0x31 SERVICE/I2C_Services.o
 .text          0x00000000        0x0 SERVICE/SPI_Services.o
 .data          0x00000000        0x0 SERVICE/SPI_Services.o
 .bss           0x00000000        0x0 SERVICE/SPI_Services.o
 .comment       0x00000000       0x31 SERVICE/SPI_Services.o
 .text          0x00000000        0x0 SERVICE/Timer_Services.o
 .data          0x00000000        0x0 SERVICE/Timer_Services.o
 .bss           0x00000000        0x0 SERVICE/Timer_Services.o
 .text.ms_timer1
                0x00000000       0x74 SERVICE/Timer_Services.o
 .text.Timer0_freq
                0x00000000       0x18 SERVICE/Timer_Services.o
 .text.Func_ICU
                0x00000000       0x5c SERVICE/Timer_Services.o
 .text.PWM_Init_Timer0
                0x00000000       0x14 SERVICE/Timer_Services.o
 .text.PWM_Freq_HZ_Timer0
                0x00000000       0x44 SERVICE/Timer_Services.o
 .text.PWM_Duty_Timer0
                0x00000000        0x2 SERVICE/Timer_Services.o
 .text.Timer1_SetInterruptTime_ms
                0x00000000       0x90 SERVICE/Timer_Services.o
 .text.Timer1_SetInterruptTime_us
                0x00000000       0x2c SERVICE/Timer_Services.o
 .text.PWM_Measure
                0x00000000       0xaa SERVICE/Timer_Services.o
 .bss.flag.1894
                0x00000000        0x2 SERVICE/Timer_Services.o
 .bss.ms_fun    0x00000000        0x2 SERVICE/Timer_Services.o
 .bss.overflow_need_flag
                0x00000000        0x1 SERVICE/Timer_Services.o
 .bss.time_in_TCNT
                0x00000000        0x1 SERVICE/Timer_Services.o
 .bss.ms_value  0x00000000        0x2 SERVICE/Timer_Services.o
 .bss.reminder_ms
                0x00000000        0x2 SERVICE/Timer_Services.o
 .bss.ms_counter
                0x00000000        0x2 SERVICE/Timer_Services.o
 .bss.counter_ov_ms
                0x00000000        0x2 SERVICE/Timer_Services.o
 .bss.flag      0x00000000        0x1 SERVICE/Timer_Services.o
 .bss.t3        0x00000000        0x2 SERVICE/Timer_Services.o
 .bss.t2        0x00000000        0x2 SERVICE/Timer_Services.o
 .bss.t1        0x00000000        0x2 SERVICE/Timer_Services.o
 .comment       0x00000000       0x31 SERVICE/Timer_Services.o
 .text          0x00000000        0x0 SERVICE/UART_CQUEUE.o
 .data          0x00000000        0x0 SERVICE/UART_CQUEUE.o
 .bss           0x00000000        0x0 SERVICE/UART_CQUEUE.o
 .text.UART_CQUEUE_IsEmpty
                0x00000000        0x4 SERVICE/UART_CQUEUE.o
 .text.UART_CQUEUE_IsFull
                0x00000000       0x2c SERVICE/UART_CQUEUE.o
 .text.UART_CQUEUE_DeQueue
                0x00000000       0x24 SERVICE/UART_CQUEUE.o
 .text.UART_CQUEUE_EnQueue
                0x00000000       0x2e SERVICE/UART_CQUEUE.o
 .data.rear     0x00000000        0x1 SERVICE/UART_CQUEUE.o
 .data.front    0x00000000        0x1 SERVICE/UART_CQUEUE.o
 .comment       0x00000000       0x31 SERVICE/UART_CQUEUE.o
 .text          0x00000000        0x0 SERVICE/UART_Services.o
 .data          0x00000000        0x0 SERVICE/UART_Services.o
 .bss           0x00000000        0x0 SERVICE/UART_Services.o
 .text.Receive_str
                0x00000000       0x4a SERVICE/UART_Services.o
 .text.Send_str
                0x00000000       0x36 SERVICE/UART_Services.o
 .text.ReceiveDockLight_str
                0x00000000       0x58 SERVICE/UART_Services.o
 .text.UART_SendString_BusyW8
                0x00000000       0x26 SERVICE/UART_Services.o
 .text.UART_ReceiveString_BusyW8
                0x00000000       0x42 SERVICE/UART_Services.o
 .text.UART_ReceiveStringDockLight
                0x00000000       0x88 SERVICE/UART_Services.o
 .text.UART_SendNum
                0x00000000       0x2a SERVICE/UART_Services.o
 .text.UART_ReceiveNum
                0x00000000       0x56 SERVICE/UART_Services.o
 .text.check_endian
                0x00000000        0x4 SERVICE/UART_Services.o
 .text.endian_convert_u32
                0x00000000        0x6 SERVICE/UART_Services.o
 .text.UART_SendStringCheckSum
                0x00000000       0x64 SERVICE/UART_Services.o
 .text.UART_ReceiveStringCheckSum
                0x00000000       0x36 SERVICE/UART_Services.o
 .text.UART_SendString_Asynch
                0x00000000       0x28 SERVICE/UART_Services.o
 .text.UART_SendString_NoBlock
                0x00000000       0x2a SERVICE/UART_Services.o
 .text.UART_ReceiveString_Asynch
                0x00000000       0x14 SERVICE/UART_Services.o
 .text.UART_ReceiveString_AsynchFinshedCheck
                0x00000000        0xe SERVICE/UART_Services.o
 .text.UART_ReceiveStringDockLight_Asynch
                0x00000000       0x14 SERVICE/UART_Services.o
 .bss.first_use.1740
                0x00000000        0x1 SERVICE/UART_Services.o
 .bss.i.1736    0x00000000        0x1 SERVICE/UART_Services.o
 .bss.i.1719    0x00000000        0x1 SERVICE/UART_Services.o
 .data.i.1732   0x00000000        0x1 SERVICE/UART_Services.o
 .bss.first_use.1663
                0x00000000        0x1 SERVICE/UART_Services.o
 .data.flag_sendStr
                0x00000000        0x1 SERVICE/UART_Services.o
 .data.finishedTx_f
                0x00000000        0x1 SERVICE/UART_Services.o
 .bss.rx_str    0x00000000        0x2 SERVICE/UART_Services.o
 .bss.tx_str    0x00000000        0x2 SERVICE/UART_Services.o
 .bss.finishedRx_f
                0x00000000        0x1 SERVICE/UART_Services.o
 .comment       0x00000000       0x31 SERVICE/UART_Services.o
 .text          0x00000000        0x0 SERVICE/UART_STACK.o
 .data          0x00000000        0x0 SERVICE/UART_STACK.o
 .bss           0x00000000        0x0 SERVICE/UART_STACK.o
 .text.uart_stack_rx
                0x00000000        0x8 SERVICE/UART_STACK.o
 .text.UART_STACK_Init
                0x00000000        0xa SERVICE/UART_STACK.o
 .text.UART_STACK_pushReciveData
                0x00000000        0xe SERVICE/UART_STACK.o
 .text.UART_STACK_popReciveData
                0x00000000       0x20 SERVICE/UART_STACK.o
 .text.UART_STACK_isEmpty
                0x00000000       0x10 SERVICE/UART_STACK.o
 .text.UART_STACK_isFull
                0x00000000       0x10 SERVICE/UART_STACK.o
 .bss.UART_STACK_arr
                0x00000000        0xa SERVICE/UART_STACK.o
 .comment       0x00000000       0x31 SERVICE/UART_STACK.o
 .text          0x00000000        0x0 c:/program files (x86)/atmel/studio/7.0/toolchain/avr8/avr8-gnu-toolchain/bin/../lib/gcc/avr/5.4.0/../../../../avr/lib/avr5\libm.a(addsf3.o)
 .data          0x00000000        0x0 c:/program files (x86)/atmel/studio/7.0/toolchain/avr8/avr8-gnu-toolchain/bin/../lib/gcc/avr/5.4.0/../../../../avr/lib/avr5\libm.a(addsf3.o)
 .bss           0x00000000        0x0 c:/program files (x86)/atmel/studio/7.0/toolchain/avr8/avr8-gnu-toolchain/bin/../lib/gcc/avr/5.4.0/../../../../avr/lib/avr5\libm.a(addsf3.o)
 .text.avr-libc.fplib
                0x00000000        0xe c:/program files (x86)/atmel/studio/7.0/toolchain/avr8/avr8-gnu-toolchain/bin/../lib/gcc/avr/5.4.0/../../../../avr/lib/avr5\libm.a(addsf3.o)
 .text          0x00000000        0x0 c:/program files (x86)/atmel/studio/7.0/toolchain/avr8/avr8-gnu-toolchain/bin/../lib/gcc/avr/5.4.0/../../../../avr/lib/avr5\libm.a(addsf3x.o)
 .data          0x00000000        0x0 c:/program files (x86)/atmel/studio/7.0/toolchain/avr8/avr8-gnu-toolchain/bin/../lib/gcc/avr/5.4.0/../../../../avr/lib/avr5\libm.a(addsf3x.o)
 .bss           0x00000000        0x0 c:/program files (x86)/atmel/studio/7.0/toolchain/avr8/avr8-gnu-toolchain/bin/../lib/gcc/avr/5.4.0/../../../../avr/lib/avr5\libm.a(addsf3x.o)
 .text.avr-libc.fplib
                0x00000000       0xcc c:/program files (x86)/atmel/studio/7.0/toolchain/avr8/avr8-gnu-toolchain/bin/../lib/gcc/avr/5.4.0/../../../../avr/lib/avr5\libm.a(addsf3x.o)
 .text          0x00000000        0x0 c:/program files (x86)/atmel/studio/7.0/toolchain/avr8/avr8-gnu-toolchain/bin/../lib/gcc/avr/5.4.0/../../../../avr/lib/avr5\libm.a(fixunssfsi.o)
 .data          0x00000000        0x0 c:/program files (x86)/atmel/studio/7.0/toolchain/avr8/avr8-gnu-toolchain/bin/../lib/gcc/avr/5.4.0/../../../../avr/lib/avr5\libm.a(fixunssfsi.o)
 .bss           0x00000000        0x0 c:/program files (x86)/atmel/studio/7.0/toolchain/avr8/avr8-gnu-toolchain/bin/../lib/gcc/avr/5.4.0/../../../../avr/lib/avr5\libm.a(fixunssfsi.o)
 .text.avr-libc.fplib
                0x00000000       0x5e c:/program files (x86)/atmel/studio/7.0/toolchain/avr8/avr8-gnu-toolchain/bin/../lib/gcc/avr/5.4.0/../../../../avr/lib/avr5\libm.a(fixunssfsi.o)
 .text          0x00000000        0x0 c:/program files (x86)/atmel/studio/7.0/toolchain/avr8/avr8-gnu-toolchain/bin/../lib/gcc/avr/5.4.0/../../../../avr/lib/avr5\libm.a(floatsisf.o)
 .data          0x00000000        0x0 c:/program files (x86)/atmel/studio/7.0/toolchain/avr8/avr8-gnu-toolchain/bin/../lib/gcc/avr/5.4.0/../../../../avr/lib/avr5\libm.a(floatsisf.o)
 .bss           0x00000000        0x0 c:/program files (x86)/atmel/studio/7.0/toolchain/avr8/avr8-gnu-toolchain/bin/../lib/gcc/avr/5.4.0/../../../../avr/lib/avr5\libm.a(floatsisf.o)
 .text.avr-libc.fplib
                0x00000000       0x7a c:/program files (x86)/atmel/studio/7.0/toolchain/avr8/avr8-gnu-toolchain/bin/../lib/gcc/avr/5.4.0/../../../../avr/lib/avr5\libm.a(floatsisf.o)
 .text          0x00000000        0x0 c:/program files (x86)/atmel/studio/7.0/toolchain/avr8/avr8-gnu-toolchain/bin/../lib/gcc/avr/5.4.0/../../../../avr/lib/avr5\libm.a(fp_inf.o)
 .data          0x00000000        0x0 c:/program files (x86)/atmel/studio/7.0/toolchain/avr8/avr8-gnu-toolchain/bin/../lib/gcc/avr/5.4.0/../../../../avr/lib/avr5\libm.a(fp_inf.o)
 .bss           0x00000000        0x0 c:/program files (x86)/atmel/studio/7.0/toolchain/avr8/avr8-gnu-toolchain/bin/../lib/gcc/avr/5.4.0/../../../../avr/lib/avr5\libm.a(fp_inf.o)
 .text.avr-libc.fplib
                0x00000000        0xc c:/program files (x86)/atmel/studio/7.0/toolchain/avr8/avr8-gnu-toolchain/bin/../lib/gcc/avr/5.4.0/../../../../avr/lib/avr5\libm.a(fp_inf.o)
 .text          0x00000000        0x0 c:/program files (x86)/atmel/studio/7.0/toolchain/avr8/avr8-gnu-toolchain/bin/../lib/gcc/avr/5.4.0/../../../../avr/lib/avr5\libm.a(fp_nan.o)
 .data          0x00000000        0x0 c:/program files (x86)/atmel/studio/7.0/toolchain/avr8/avr8-gnu-toolchain/bin/../lib/gcc/avr/5.4.0/../../../../avr/lib/avr5\libm.a(fp_nan.o)
 .bss           0x00000000        0x0 c:/program files (x86)/atmel/studio/7.0/toolchain/avr8/avr8-gnu-toolchain/bin/../lib/gcc/avr/5.4.0/../../../../avr/lib/avr5\libm.a(fp_nan.o)
 .text.avr-libc.fplib
                0x00000000        0x6 c:/program files (x86)/atmel/studio/7.0/toolchain/avr8/avr8-gnu-toolchain/bin/../lib/gcc/avr/5.4.0/../../../../avr/lib/avr5\libm.a(fp_nan.o)
 .text          0x00000000        0x0 c:/program files (x86)/atmel/studio/7.0/toolchain/avr8/avr8-gnu-toolchain/bin/../lib/gcc/avr/5.4.0/../../../../avr/lib/avr5\libm.a(fp_pscA.o)
 .data          0x00000000        0x0 c:/program files (x86)/atmel/studio/7.0/toolchain/avr8/avr8-gnu-toolchain/bin/../lib/gcc/avr/5.4.0/../../../../avr/lib/avr5\libm.a(fp_pscA.o)
 .bss           0x00000000        0x0 c:/program files (x86)/atmel/studio/7.0/toolchain/avr8/avr8-gnu-toolchain/bin/../lib/gcc/avr/5.4.0/../../../../avr/lib/avr5\libm.a(fp_pscA.o)
 .text.avr-libc.fplib
                0x00000000        0xe c:/program files (x86)/atmel/studio/7.0/toolchain/avr8/avr8-gnu-toolchain/bin/../lib/gcc/avr/5.4.0/../../../../avr/lib/avr5\libm.a(fp_pscA.o)
 .text          0x00000000        0x0 c:/program files (x86)/atmel/studio/7.0/toolchain/avr8/avr8-gnu-toolchain/bin/../lib/gcc/avr/5.4.0/../../../../avr/lib/avr5\libm.a(fp_pscB.o)
 .data          0x00000000        0x0 c:/program files (x86)/atmel/studio/7.0/toolchain/avr8/avr8-gnu-toolchain/bin/../lib/gcc/avr/5.4.0/../../../../avr/lib/avr5\libm.a(fp_pscB.o)
 .bss           0x00000000        0x0 c:/program files (x86)/atmel/studio/7.0/toolchain/avr8/avr8-gnu-toolchain/bin/../lib/gcc/avr/5.4.0/../../../../avr/lib/avr5\libm.a(fp_pscB.o)
 .text.avr-libc.fplib
                0x00000000        0xe c:/program files (x86)/atmel/studio/7.0/toolchain/avr8/avr8-gnu-toolchain/bin/../lib/gcc/avr/5.4.0/../../../../avr/lib/avr5\libm.a(fp_pscB.o)
 .text          0x00000000        0x0 c:/program files (x86)/atmel/studio/7.0/toolchain/avr8/avr8-gnu-toolchain/bin/../lib/gcc/avr/5.4.0/../../../../avr/lib/avr5\libm.a(fp_round.o)
 .data          0x00000000        0x0 c:/program files (x86)/atmel/studio/7.0/toolchain/avr8/avr8-gnu-toolchain/bin/../lib/gcc/avr/5.4.0/../../../../avr/lib/avr5\libm.a(fp_round.o)
 .bss           0x00000000        0x0 c:/program files (x86)/atmel/studio/7.0/toolchain/avr8/avr8-gnu-toolchain/bin/../lib/gcc/avr/5.4.0/../../../../avr/lib/avr5\libm.a(fp_round.o)
 .text.avr-libc.fplib
                0x00000000       0x22 c:/program files (x86)/atmel/studio/7.0/toolchain/avr8/avr8-gnu-toolchain/bin/../lib/gcc/avr/5.4.0/../../../../avr/lib/avr5\libm.a(fp_round.o)
 .text          0x00000000        0x0 c:/program files (x86)/atmel/studio/7.0/toolchain/avr8/avr8-gnu-toolchain/bin/../lib/gcc/avr/5.4.0/../../../../avr/lib/avr5\libm.a(fp_split3.o)
 .data          0x00000000        0x0 c:/program files (x86)/atmel/studio/7.0/toolchain/avr8/avr8-gnu-toolchain/bin/../lib/gcc/avr/5.4.0/../../../../avr/lib/avr5\libm.a(fp_split3.o)
 .bss           0x00000000        0x0 c:/program files (x86)/atmel/studio/7.0/toolchain/avr8/avr8-gnu-toolchain/bin/../lib/gcc/avr/5.4.0/../../../../avr/lib/avr5\libm.a(fp_split3.o)
 .text.avr-libc.fplib
                0x00000000       0x44 c:/program files (x86)/atmel/studio/7.0/toolchain/avr8/avr8-gnu-toolchain/bin/../lib/gcc/avr/5.4.0/../../../../avr/lib/avr5\libm.a(fp_split3.o)
 .text          0x00000000        0x0 c:/program files (x86)/atmel/studio/7.0/toolchain/avr8/avr8-gnu-toolchain/bin/../lib/gcc/avr/5.4.0/../../../../avr/lib/avr5\libm.a(fp_zero.o)
 .data          0x00000000        0x0 c:/program files (x86)/atmel/studio/7.0/toolchain/avr8/avr8-gnu-toolchain/bin/../lib/gcc/avr/5.4.0/../../../../avr/lib/avr5\libm.a(fp_zero.o)
 .bss           0x00000000        0x0 c:/program files (x86)/atmel/studio/7.0/toolchain/avr8/avr8-gnu-toolchain/bin/../lib/gcc/avr/5.4.0/../../../../avr/lib/avr5\libm.a(fp_zero.o)
 .text.avr-libc.fplib
                0x00000000        0xe c:/program files (x86)/atmel/studio/7.0/toolchain/avr8/avr8-gnu-toolchain/bin/../lib/gcc/avr/5.4.0/../../../../avr/lib/avr5\libm.a(fp_zero.o)
 .text          0x00000000        0x0 c:/program files (x86)/atmel/studio/7.0/toolchain/avr8/avr8-gnu-toolchain/bin/../lib/gcc/avr/5.4.0/../../../../avr/lib/avr5\libm.a(mulsf3.o)
 .data          0x00000000        0x0 c:/program files (x86)/atmel/studio/7.0/toolchain/avr8/avr8-gnu-toolchain/bin/../lib/gcc/avr/5.4.0/../../../../avr/lib/avr5\libm.a(mulsf3.o)
 .bss           0x00000000        0x0 c:/program files (x86)/atmel/studio/7.0/toolchain/avr8/avr8-gnu-toolchain/bin/../lib/gcc/avr/5.4.0/../../../../avr/lib/avr5\libm.a(mulsf3.o)
 .text.avr-libc.fplib
                0x00000000        0x8 c:/program files (x86)/atmel/studio/7.0/toolchain/avr8/avr8-gnu-toolchain/bin/../lib/gcc/avr/5.4.0/../../../../avr/lib/avr5\libm.a(mulsf3.o)
 .text          0x00000000        0x0 c:/program files (x86)/atmel/studio/7.0/toolchain/avr8/avr8-gnu-toolchain/bin/../lib/gcc/avr/5.4.0/../../../../avr/lib/avr5\libm.a(mulsf3x.o)
 .data          0x00000000        0x0 c:/program files (x86)/atmel/studio/7.0/toolchain/avr8/avr8-gnu-toolchain/bin/../lib/gcc/avr/5.4.0/../../../../avr/lib/avr5\libm.a(mulsf3x.o)
 .bss           0x00000000        0x0 c:/program files (x86)/atmel/studio/7.0/toolchain/avr8/avr8-gnu-toolchain/bin/../lib/gcc/avr/5.4.0/../../../../avr/lib/avr5\libm.a(mulsf3x.o)
 .text.avr-libc.fplib
                0x00000000       0xd2 c:/program files (x86)/atmel/studio/7.0/toolchain/avr8/avr8-gnu-toolchain/bin/../lib/gcc/avr/5.4.0/../../../../avr/lib/avr5\libm.a(mulsf3x.o)
 .text          0x00000000        0x0 c:/program files (x86)/atmel/studio/7.0/toolchain/avr8/avr8-gnu-toolchain/bin/../lib/gcc/avr/5.4.0/avr5\libgcc.a(_udivmodqi4.o)
 .data          0x00000000        0x0 c:/program files (x86)/atmel/studio/7.0/toolchain/avr8/avr8-gnu-toolchain/bin/../lib/gcc/avr/5.4.0/avr5\libgcc.a(_udivmodqi4.o)
 .bss           0x00000000        0x0 c:/program files (x86)/atmel/studio/7.0/toolchain/avr8/avr8-gnu-toolchain/bin/../lib/gcc/avr/5.4.0/avr5\libgcc.a(_udivmodqi4.o)
 .text.libgcc.mul
                0x00000000        0x0 c:/program files (x86)/atmel/studio/7.0/toolchain/avr8/avr8-gnu-toolchain/bin/../lib/gcc/avr/5.4.0/avr5\libgcc.a(_udivmodqi4.o)
 .text.libgcc.div
                0x00000000       0x18 c:/program files (x86)/atmel/studio/7.0/toolchain/avr8/avr8-gnu-toolchain/bin/../lib/gcc/avr/5.4.0/avr5\libgcc.a(_udivmodqi4.o)
 .text.libgcc   0x00000000        0x0 c:/program files (x86)/atmel/studio/7.0/toolchain/avr8/avr8-gnu-toolchain/bin/../lib/gcc/avr/5.4.0/avr5\libgcc.a(_udivmodqi4.o)
 .text.libgcc.prologue
                0x00000000        0x0 c:/program files (x86)/atmel/studio/7.0/toolchain/avr8/avr8-gnu-toolchain/bin/../lib/gcc/avr/5.4.0/avr5\libgcc.a(_udivmodqi4.o)
 .text.libgcc.builtins
                0x00000000        0x0 c:/program files (x86)/atmel/studio/7.0/toolchain/avr8/avr8-gnu-toolchain/bin/../lib/gcc/avr/5.4.0/avr5\libgcc.a(_udivmodqi4.o)
 .text.libgcc.fmul
                0x00000000        0x0 c:/program files (x86)/atmel/studio/7.0/toolchain/avr8/avr8-gnu-toolchain/bin/../lib/gcc/avr/5.4.0/avr5\libgcc.a(_udivmodqi4.o)
 .text.libgcc.fixed
                0x00000000        0x0 c:/program files (x86)/atmel/studio/7.0/toolchain/avr8/avr8-gnu-toolchain/bin/../lib/gcc/avr/5.4.0/avr5\libgcc.a(_udivmodqi4.o)
 .text          0x00000000        0x0 c:/program files (x86)/atmel/studio/7.0/toolchain/avr8/avr8-gnu-toolchain/bin/../lib/gcc/avr/5.4.0/avr5\libgcc.a(_udivmodhi4.o)
 .data          0x00000000        0x0 c:/program files (x86)/atmel/studio/7.0/toolchain/avr8/avr8-gnu-toolchain/bin/../lib/gcc/avr/5.4.0/avr5\libgcc.a(_udivmodhi4.o)
 .bss           0x00000000        0x0 c:/program files (x86)/atmel/studio/7.0/toolchain/avr8/avr8-gnu-toolchain/bin/../lib/gcc/avr/5.4.0/avr5\libgcc.a(_udivmodhi4.o)
 .text.libgcc.mul
                0x00000000        0x0 c:/program files (x86)/atmel/studio/7.0/toolchain/avr8/avr8-gnu-toolchain/bin/../lib/gcc/avr/5.4.0/avr5\libgcc.a(_udivmodhi4.o)
 .text.libgcc.div
                0x00000000       0x28 c:/program files (x86)/atmel/studio/7.0/toolchain/avr8/avr8-gnu-toolchain/bin/../lib/gcc/avr/5.4.0/avr5\libgcc.a(_udivmodhi4.o)
 .text.libgcc   0x00000000        0x0 c:/program files (x86)/atmel/studio/7.0/toolchain/avr8/avr8-gnu-toolchain/bin/../lib/gcc/avr/5.4.0/avr5\libgcc.a(_udivmodhi4.o)
 .text.libgcc.prologue
                0x00000000        0x0 c:/program files (x86)/atmel/studio/7.0/toolchain/avr8/avr8-gnu-toolchain/bin/../lib/gcc/avr/5.4.0/avr5\libgcc.a(_udivmodhi4.o)
 .text.libgcc.builtins
                0x00000000        0x0 c:/program files (x86)/atmel/studio/7.0/toolchain/avr8/avr8-gnu-toolchain/bin/../lib/gcc/avr/5.4.0/avr5\libgcc.a(_udivmodhi4.o)
 .text.libgcc.fmul
                0x00000000        0x0 c:/program files (x86)/atmel/studio/7.0/toolchain/avr8/avr8-gnu-toolchain/bin/../lib/gcc/avr/5.4.0/avr5\libgcc.a(_udivmodhi4.o)
 .text.libgcc.fixed
                0x00000000        0x0 c:/program files (x86)/atmel/studio/7.0/toolchain/avr8/avr8-gnu-toolchain/bin/../lib/gcc/avr/5.4.0/avr5\libgcc.a(_udivmodhi4.o)
 .text          0x00000000        0x0 c:/program files (x86)/atmel/studio/7.0/toolchain/avr8/avr8-gnu-toolchain/bin/../lib/gcc/avr/5.4.0/avr5\libgcc.a(_divmodhi4.o)
 .data          0x00000000        0x0 c:/program files (x86)/atmel/studio/7.0/toolchain/avr8/avr8-gnu-toolchain/bin/../lib/gcc/avr/5.4.0/avr5\libgcc.a(_divmodhi4.o)
 .bss           0x00000000        0x0 c:/program files (x86)/atmel/studio/7.0/toolchain/avr8/avr8-gnu-toolchain/bin/../lib/gcc/avr/5.4.0/avr5\libgcc.a(_divmodhi4.o)
 .text.libgcc.mul
                0x00000000        0x0 c:/program files (x86)/atmel/studio/7.0/toolchain/avr8/avr8-gnu-toolchain/bin/../lib/gcc/avr/5.4.0/avr5\libgcc.a(_divmodhi4.o)
 .text.libgcc.div
                0x00000000       0x28 c:/program files (x86)/atmel/studio/7.0/toolchain/avr8/avr8-gnu-toolchain/bin/../lib/gcc/avr/5.4.0/avr5\libgcc.a(_divmodhi4.o)
 .text.libgcc   0x00000000        0x0 c:/program files (x86)/atmel/studio/7.0/toolchain/avr8/avr8-gnu-toolchain/bin/../lib/gcc/avr/5.4.0/avr5\libgcc.a(_divmodhi4.o)
 .text.libgcc.prologue
                0x00000000        0x0 c:/program files (x86)/atmel/studio/7.0/toolchain/avr8/avr8-gnu-toolchain/bin/../lib/gcc/avr/5.4.0/avr5\libgcc.a(_divmodhi4.o)
 .text.libgcc.builtins
                0x00000000        0x0 c:/program files (x86)/atmel/studio/7.0/toolchain/avr8/avr8-gnu-toolchain/bin/../lib/gcc/avr/5.4.0/avr5\libgcc.a(_divmodhi4.o)
 .text.libgcc.fmul
                0x00000000        0x0 c:/program files (x86)/atmel/studio/7.0/toolchain/avr8/avr8-gnu-toolchain/bin/../lib/gcc/avr/5.4.0/avr5\libgcc.a(_divmodhi4.o)
 .text.libgcc.fixed
                0x00000000        0x0 c:/program files (x86)/atmel/studio/7.0/toolchain/avr8/avr8-gnu-toolchain/bin/../lib/gcc/avr/5.4.0/avr5\libgcc.a(_divmodhi4.o)
 .text          0x00000000        0x0 c:/program files (x86)/atmel/studio/7.0/toolchain/avr8/avr8-gnu-toolchain/bin/../lib/gcc/avr/5.4.0/avr5\libgcc.a(_udivmodsi4.o)
 .data          0x00000000        0x0 c:/program files (x86)/atmel/studio/7.0/toolchain/avr8/avr8-gnu-toolchain/bin/../lib/gcc/avr/5.4.0/avr5\libgcc.a(_udivmodsi4.o)
 .bss           0x00000000        0x0 c:/program files (x86)/atmel/studio/7.0/toolchain/avr8/avr8-gnu-toolchain/bin/../lib/gcc/avr/5.4.0/avr5\libgcc.a(_udivmodsi4.o)
 .text.libgcc.mul
                0x00000000        0x0 c:/program files (x86)/atmel/studio/7.0/toolchain/avr8/avr8-gnu-toolchain/bin/../lib/gcc/avr/5.4.0/avr5\libgcc.a(_udivmodsi4.o)
 .text.libgcc   0x00000000        0x0 c:/program files (x86)/atmel/studio/7.0/toolchain/avr8/avr8-gnu-toolchain/bin/../lib/gcc/avr/5.4.0/avr5\libgcc.a(_udivmodsi4.o)
 .text.libgcc.prologue
                0x00000000        0x0 c:/program files (x86)/atmel/studio/7.0/toolchain/avr8/avr8-gnu-toolchain/bin/../lib/gcc/avr/5.4.0/avr5\libgcc.a(_udivmodsi4.o)
 .text.libgcc.builtins
                0x00000000        0x0 c:/program files (x86)/atmel/studio/7.0/toolchain/avr8/avr8-gnu-toolchain/bin/../lib/gcc/avr/5.4.0/avr5\libgcc.a(_udivmodsi4.o)
 .text.libgcc.fmul
                0x00000000        0x0 c:/program files (x86)/atmel/studio/7.0/toolchain/avr8/avr8-gnu-toolchain/bin/../lib/gcc/avr/5.4.0/avr5\libgcc.a(_udivmodsi4.o)
 .text.libgcc.fixed
                0x00000000        0x0 c:/program files (x86)/atmel/studio/7.0/toolchain/avr8/avr8-gnu-toolchain/bin/../lib/gcc/avr/5.4.0/avr5\libgcc.a(_udivmodsi4.o)
 .text          0x00000000        0x0 c:/program files (x86)/atmel/studio/7.0/toolchain/avr8/avr8-gnu-toolchain/bin/../lib/gcc/avr/5.4.0/avr5\libgcc.a(_divmodsi4.o)
 .data          0x00000000        0x0 c:/program files (x86)/atmel/studio/7.0/toolchain/avr8/avr8-gnu-toolchain/bin/../lib/gcc/avr/5.4.0/avr5\libgcc.a(_divmodsi4.o)
 .bss           0x00000000        0x0 c:/program files (x86)/atmel/studio/7.0/toolchain/avr8/avr8-gnu-toolchain/bin/../lib/gcc/avr/5.4.0/avr5\libgcc.a(_divmodsi4.o)
 .text.libgcc.mul
                0x00000000        0x0 c:/program files (x86)/atmel/studio/7.0/toolchain/avr8/avr8-gnu-toolchain/bin/../lib/gcc/avr/5.4.0/avr5\libgcc.a(_divmodsi4.o)
 .text.libgcc.div
                0x00000000       0x2e c:/program files (x86)/atmel/studio/7.0/toolchain/avr8/avr8-gnu-toolchain/bin/../lib/gcc/avr/5.4.0/avr5\libgcc.a(_divmodsi4.o)
 .text.libgcc   0x00000000        0x0 c:/program files (x86)/atmel/studio/7.0/toolchain/avr8/avr8-gnu-toolchain/bin/../lib/gcc/avr/5.4.0/avr5\libgcc.a(_divmodsi4.o)
 .text.libgcc.prologue
                0x00000000        0x0 c:/program files (x86)/atmel/studio/7.0/toolchain/avr8/avr8-gnu-toolchain/bin/../lib/gcc/avr/5.4.0/avr5\libgcc.a(_divmodsi4.o)
 .text.libgcc.builtins
                0x00000000        0x0 c:/program files (x86)/atmel/studio/7.0/toolchain/avr8/avr8-gnu-toolchain/bin/../lib/gcc/avr/5.4.0/avr5\libgcc.a(_divmodsi4.o)
 .text.libgcc.fmul
                0x00000000        0x0 c:/program files (x86)/atmel/studio/7.0/toolchain/avr8/avr8-gnu-toolchain/bin/../lib/gcc/avr/5.4.0/avr5\libgcc.a(_divmodsi4.o)
 .text.libgcc.fixed
                0x00000000        0x0 c:/program files (x86)/atmel/studio/7.0/toolchain/avr8/avr8-gnu-toolchain/bin/../lib/gcc/avr/5.4.0/avr5\libgcc.a(_divmodsi4.o)
 .text          0x00000000        0x0 c:/program files (x86)/atmel/studio/7.0/toolchain/avr8/avr8-gnu-toolchain/bin/../lib/gcc/avr/5.4.0/avr5\libgcc.a(_negsi2.o)
 .data          0x00000000        0x0 c:/program files (x86)/atmel/studio/7.0/toolchain/avr8/avr8-gnu-toolchain/bin/../lib/gcc/avr/5.4.0/avr5\libgcc.a(_negsi2.o)
 .bss           0x00000000        0x0 c:/program files (x86)/atmel/studio/7.0/toolchain/avr8/avr8-gnu-toolchain/bin/../lib/gcc/avr/5.4.0/avr5\libgcc.a(_negsi2.o)
 .text.libgcc.mul
                0x00000000        0x0 c:/program files (x86)/atmel/studio/7.0/toolchain/avr8/avr8-gnu-toolchain/bin/../lib/gcc/avr/5.4.0/avr5\libgcc.a(_negsi2.o)
 .text.libgcc.div
                0x00000000       0x10 c:/program files (x86)/atmel/studio/7.0/toolchain/avr8/avr8-gnu-toolchain/bin/../lib/gcc/avr/5.4.0/avr5\libgcc.a(_negsi2.o)
 .text.libgcc   0x00000000        0x0 c:/program files (x86)/atmel/studio/7.0/toolchain/avr8/avr8-gnu-toolchain/bin/../lib/gcc/avr/5.4.0/avr5\libgcc.a(_negsi2.o)
 .text.libgcc.prologue
                0x00000000        0x0 c:/program files (x86)/atmel/studio/7.0/toolchain/avr8/avr8-gnu-toolchain/bin/../lib/gcc/avr/5.4.0/avr5\libgcc.a(_negsi2.o)
 .text.libgcc.builtins
                0x00000000        0x0 c:/program files (x86)/atmel/studio/7.0/toolchain/avr8/avr8-gnu-toolchain/bin/../lib/gcc/avr/5.4.0/avr5\libgcc.a(_negsi2.o)
 .text.libgcc.fmul
                0x00000000        0x0 c:/program files (x86)/atmel/studio/7.0/toolchain/avr8/avr8-gnu-toolchain/bin/../lib/gcc/avr/5.4.0/avr5\libgcc.a(_negsi2.o)
 .text.libgcc.fixed
                0x00000000        0x0 c:/program files (x86)/atmel/studio/7.0/toolchain/avr8/avr8-gnu-toolchain/bin/../lib/gcc/avr/5.4.0/avr5\libgcc.a(_negsi2.o)
 .text          0x00000000        0x0 c:/program files (x86)/atmel/studio/7.0/toolchain/avr8/avr8-gnu-toolchain/bin/../lib/gcc/avr/5.4.0/avr5\libgcc.a(_exit.o)
 .data          0x00000000        0x0 c:/program files (x86)/atmel/studio/7.0/toolchain/avr8/avr8-gnu-toolchain/bin/../lib/gcc/avr/5.4.0/avr5\libgcc.a(_exit.o)
 .bss           0x00000000        0x0 c:/program files (x86)/atmel/studio/7.0/toolchain/avr8/avr8-gnu-toolchain/bin/../lib/gcc/avr/5.4.0/avr5\libgcc.a(_exit.o)
 .text.libgcc.mul
                0x00000000        0x0 c:/program files (x86)/atmel/studio/7.0/toolchain/avr8/avr8-gnu-toolchain/bin/../lib/gcc/avr/5.4.0/avr5\libgcc.a(_exit.o)
 .text.libgcc.div
                0x00000000        0x0 c:/program files (x86)/atmel/studio/7.0/toolchain/avr8/avr8-gnu-toolchain/bin/../lib/gcc/avr/5.4.0/avr5\libgcc.a(_exit.o)
 .text.libgcc   0x00000000        0x0 c:/program files (x86)/atmel/studio/7.0/toolchain/avr8/avr8-gnu-toolchain/bin/../lib/gcc/avr/5.4.0/avr5\libgcc.a(_exit.o)
 .text.libgcc.prologue
                0x00000000        0x0 c:/program files (x86)/atmel/studio/7.0/toolchain/avr8/avr8-gnu-toolchain/bin/../lib/gcc/avr/5.4.0/avr5\libgcc.a(_exit.o)
 .text.libgcc.builtins
                0x00000000        0x0 c:/program files (x86)/atmel/studio/7.0/toolchain/avr8/avr8-gnu-toolchain/bin/../lib/gcc/avr/5.4.0/avr5\libgcc.a(_exit.o)
 .text.libgcc.fmul
                0x00000000        0x0 c:/program files (x86)/atmel/studio/7.0/toolchain/avr8/avr8-gnu-toolchain/bin/../lib/gcc/avr/5.4.0/avr5\libgcc.a(_exit.o)
 .text.libgcc.fixed
                0x00000000        0x0 c:/program files (x86)/atmel/studio/7.0/toolchain/avr8/avr8-gnu-toolchain/bin/../lib/gcc/avr/5.4.0/avr5\libgcc.a(_exit.o)
 .text          0x00000000        0x0 c:/program files (x86)/atmel/studio/7.0/toolchain/avr8/avr8-gnu-toolchain/bin/../lib/gcc/avr/5.4.0/avr5\libgcc.a(_tablejump2.o)
 .data          0x00000000        0x0 c:/program files (x86)/atmel/studio/7.0/toolchain/avr8/avr8-gnu-toolchain/bin/../lib/gcc/avr/5.4.0/avr5\libgcc.a(_tablejump2.o)
 .bss           0x00000000        0x0 c:/program files (x86)/atmel/studio/7.0/toolchain/avr8/avr8-gnu-toolchain/bin/../lib/gcc/avr/5.4.0/avr5\libgcc.a(_tablejump2.o)
 .text.libgcc.mul
                0x00000000        0x0 c:/program files (x86)/atmel/studio/7.0/toolchain/avr8/avr8-gnu-toolchain/bin/../lib/gcc/avr/5.4.0/avr5\libgcc.a(_tablejump2.o)
 .text.libgcc.div
                0x00000000        0x0 c:/program files (x86)/atmel/studio/7.0/toolchain/avr8/avr8-gnu-toolchain/bin/../lib/gcc/avr/5.4.0/avr5\libgcc.a(_tablejump2.o)
 .text.libgcc   0x00000000        0xc c:/program files (x86)/atmel/studio/7.0/toolchain/avr8/avr8-gnu-toolchain/bin/../lib/gcc/avr/5.4.0/avr5\libgcc.a(_tablejump2.o)
 .text.libgcc.prologue
                0x00000000        0x0 c:/program files (x86)/atmel/studio/7.0/toolchain/avr8/avr8-gnu-toolchain/bin/../lib/gcc/avr/5.4.0/avr5\libgcc.a(_tablejump2.o)
 .text.libgcc.builtins
                0x00000000        0x0 c:/program files (x86)/atmel/studio/7.0/toolchain/avr8/avr8-gnu-toolchain/bin/../lib/gcc/avr/5.4.0/avr5\libgcc.a(_tablejump2.o)
 .text.libgcc.fmul
                0x00000000        0x0 c:/program files (x86)/atmel/studio/7.0/toolchain/avr8/avr8-gnu-toolchain/bin/../lib/gcc/avr/5.4.0/avr5\libgcc.a(_tablejump2.o)
 .text.libgcc.fixed
                0x00000000        0x0 c:/program files (x86)/atmel/studio/7.0/toolchain/avr8/avr8-gnu-toolchain/bin/../lib/gcc/avr/5.4.0/avr5\libgcc.a(_tablejump2.o)
 .text          0x00000000        0x0 c:/program files (x86)/atmel/studio/7.0/toolchain/avr8/avr8-gnu-toolchain/bin/../lib/gcc/avr/5.4.0/avr5\libgcc.a(_copy_data.o)
 .data          0x00000000        0x0 c:/program files (x86)/atmel/studio/7.0/toolchain/avr8/avr8-gnu-toolchain/bin/../lib/gcc/avr/5.4.0/avr5\libgcc.a(_copy_data.o)
 .bss           0x00000000        0x0 c:/program files (x86)/atmel/studio/7.0/toolchain/avr8/avr8-gnu-toolchain/bin/../lib/gcc/avr/5.4.0/avr5\libgcc.a(_copy_data.o)
 .text.libgcc.mul
                0x00000000        0x0 c:/program files (x86)/atmel/studio/7.0/toolchain/avr8/avr8-gnu-toolchain/bin/../lib/gcc/avr/5.4.0/avr5\libgcc.a(_copy_data.o)
 .text.libgcc.div
                0x00000000        0x0 c:/program files (x86)/atmel/studio/7.0/toolchain/avr8/avr8-gnu-toolchain/bin/../lib/gcc/avr/5.4.0/avr5\libgcc.a(_copy_data.o)
 .text.libgcc   0x00000000        0x0 c:/program files (x86)/atmel/studio/7.0/toolchain/avr8/avr8-gnu-toolchain/bin/../lib/gcc/avr/5.4.0/avr5\libgcc.a(_copy_data.o)
 .text.libgcc.prologue
                0x00000000        0x0 c:/program files (x86)/atmel/studio/7.0/toolchain/avr8/avr8-gnu-toolchain/bin/../lib/gcc/avr/5.4.0/avr5\libgcc.a(_copy_data.o)
 .text.libgcc.builtins
                0x00000000        0x0 c:/program files (x86)/atmel/studio/7.0/toolchain/avr8/avr8-gnu-toolchain/bin/../lib/gcc/avr/5.4.0/avr5\libgcc.a(_copy_data.o)
 .text.libgcc.fmul
                0x00000000        0x0 c:/program files (x86)/atmel/studio/7.0/toolchain/avr8/avr8-gnu-toolchain/bin/../lib/gcc/avr/5.4.0/avr5\libgcc.a(_copy_data.o)
 .text.libgcc.fixed
                0x00000000        0x0 c:/program files (x86)/atmel/studio/7.0/toolchain/avr8/avr8-gnu-toolchain/bin/../lib/gcc/avr/5.4.0/avr5\libgcc.a(_copy_data.o)
 .text          0x00000000        0x0 c:/program files (x86)/atmel/studio/7.0/toolchain/avr8/avr8-gnu-toolchain/bin/../lib/gcc/avr/5.4.0/avr5\libgcc.a(_clear_bss.o)
 .data          0x00000000        0x0 c:/program files (x86)/atmel/studio/7.0/toolchain/avr8/avr8-gnu-toolchain/bin/../lib/gcc/avr/5.4.0/avr5\libgcc.a(_clear_bss.o)
 .bss           0x00000000        0x0 c:/program files (x86)/atmel/studio/7.0/toolchain/avr8/avr8-gnu-toolchain/bin/../lib/gcc/avr/5.4.0/avr5\libgcc.a(_clear_bss.o)
 .text.libgcc.mul
                0x00000000        0x0 c:/program files (x86)/atmel/studio/7.0/toolchain/avr8/avr8-gnu-toolchain/bin/../lib/gcc/avr/5.4.0/avr5\libgcc.a(_clear_bss.o)
 .text.libgcc.div
                0x00000000        0x0 c:/program files (x86)/atmel/studio/7.0/toolchain/avr8/avr8-gnu-toolchain/bin/../lib/gcc/avr/5.4.0/avr5\libgcc.a(_clear_bss.o)
 .text.libgcc   0x00000000        0x0 c:/program files (x86)/atmel/studio/7.0/toolchain/avr8/avr8-gnu-toolchain/bin/../lib/gcc/avr/5.4.0/avr5\libgcc.a(_clear_bss.o)
 .text.libgcc.prologue
                0x00000000        0x0 c:/program files (x86)/atmel/studio/7.0/toolchain/avr8/avr8-gnu-toolchain/bin/../lib/gcc/avr/5.4.0/avr5\libgcc.a(_clear_bss.o)
 .text.libgcc.builtins
                0x00000000        0x0 c:/program files (x86)/atmel/studio/7.0/toolchain/avr8/avr8-gnu-toolchain/bin/../lib/gcc/avr/5.4.0/avr5\libgcc.a(_clear_bss.o)
 .text.libgcc.fmul
                0x00000000        0x0 c:/program files (x86)/atmel/studio/7.0/toolchain/avr8/avr8-gnu-toolchain/bin/../lib/gcc/avr/5.4.0/avr5\libgcc.a(_clear_bss.o)
 .text.libgcc.fixed
                0x00000000        0x0 c:/program files (x86)/atmel/studio/7.0/toolchain/avr8/avr8-gnu-toolchain/bin/../lib/gcc/avr/5.4.0/avr5\libgcc.a(_clear_bss.o)
 .text          0x00000000        0x0 c:/program files (x86)/atmel/studio/7.0/toolchain/avr8/avr8-gnu-toolchain/bin/../lib/gcc/avr/5.4.0/avr5\libgcc.a(_bswapsi2.o)
 .data          0x00000000        0x0 c:/program files (x86)/atmel/studio/7.0/toolchain/avr8/avr8-gnu-toolchain/bin/../lib/gcc/avr/5.4.0/avr5\libgcc.a(_bswapsi2.o)
 .bss           0x00000000        0x0 c:/program files (x86)/atmel/studio/7.0/toolchain/avr8/avr8-gnu-toolchain/bin/../lib/gcc/avr/5.4.0/avr5\libgcc.a(_bswapsi2.o)
 .text.libgcc.mul
                0x00000000        0x0 c:/program files (x86)/atmel/studio/7.0/toolchain/avr8/avr8-gnu-toolchain/bin/../lib/gcc/avr/5.4.0/avr5\libgcc.a(_bswapsi2.o)
 .text.libgcc.div
                0x00000000        0x0 c:/program files (x86)/atmel/studio/7.0/toolchain/avr8/avr8-gnu-toolchain/bin/../lib/gcc/avr/5.4.0/avr5\libgcc.a(_bswapsi2.o)
 .text.libgcc   0x00000000        0x0 c:/program files (x86)/atmel/studio/7.0/toolchain/avr8/avr8-gnu-toolchain/bin/../lib/gcc/avr/5.4.0/avr5\libgcc.a(_bswapsi2.o)
 .text.libgcc.prologue
                0x00000000        0x0 c:/program files (x86)/atmel/studio/7.0/toolchain/avr8/avr8-gnu-toolchain/bin/../lib/gcc/avr/5.4.0/avr5\libgcc.a(_bswapsi2.o)
 .text.libgcc.builtins
                0x00000000        0xe c:/program files (x86)/atmel/studio/7.0/toolchain/avr8/avr8-gnu-toolchain/bin/../lib/gcc/avr/5.4.0/avr5\libgcc.a(_bswapsi2.o)
 .text.libgcc.fmul
                0x00000000        0x0 c:/program files (x86)/atmel/studio/7.0/toolchain/avr8/avr8-gnu-toolchain/bin/../lib/gcc/avr/5.4.0/avr5\libgcc.a(_bswapsi2.o)
 .text.libgcc.fixed
                0x00000000        0x0 c:/program files (x86)/atmel/studio/7.0/toolchain/avr8/avr8-gnu-toolchain/bin/../lib/gcc/avr/5.4.0/avr5\libgcc.a(_bswapsi2.o)
 .text          0x00000000        0x0 c:/program files (x86)/atmel/studio/7.0/toolchain/avr8/avr8-gnu-toolchain/bin/../lib/gcc/avr/5.4.0/avr5\libgcc.a(_umulhisi3.o)
 .data          0x00000000        0x0 c:/program files (x86)/atmel/studio/7.0/toolchain/avr8/avr8-gnu-toolchain/bin/../lib/gcc/avr/5.4.0/avr5\libgcc.a(_umulhisi3.o)
 .bss           0x00000000        0x0 c:/program files (x86)/atmel/studio/7.0/toolchain/avr8/avr8-gnu-toolchain/bin/../lib/gcc/avr/5.4.0/avr5\libgcc.a(_umulhisi3.o)
 .text.libgcc.mul
                0x00000000       0x1e c:/program files (x86)/atmel/studio/7.0/toolchain/avr8/avr8-gnu-toolchain/bin/../lib/gcc/avr/5.4.0/avr5\libgcc.a(_umulhisi3.o)
 .text.libgcc.div
                0x00000000        0x0 c:/program files (x86)/atmel/studio/7.0/toolchain/avr8/avr8-gnu-toolchain/bin/../lib/gcc/avr/5.4.0/avr5\libgcc.a(_umulhisi3.o)
 .text.libgcc   0x00000000        0x0 c:/program files (x86)/atmel/studio/7.0/toolchain/avr8/avr8-gnu-toolchain/bin/../lib/gcc/avr/5.4.0/avr5\libgcc.a(_umulhisi3.o)
 .text.libgcc.prologue
                0x00000000        0x0 c:/program files (x86)/atmel/studio/7.0/toolchain/avr8/avr8-gnu-toolchain/bin/../lib/gcc/avr/5.4.0/avr5\libgcc.a(_umulhisi3.o)
 .text.libgcc.builtins
                0x00000000        0x0 c:/program files (x86)/atmel/studio/7.0/toolchain/avr8/avr8-gnu-toolchain/bin/../lib/gcc/avr/5.4.0/avr5\libgcc.a(_umulhisi3.o)
 .text.libgcc.fmul
                0x00000000        0x0 c:/program files (x86)/atmel/studio/7.0/toolchain/avr8/avr8-gnu-toolchain/bin/../lib/gcc/avr/5.4.0/avr5\libgcc.a(_umulhisi3.o)
 .text.libgcc.fixed
                0x00000000        0x0 c:/program files (x86)/atmel/studio/7.0/toolchain/avr8/avr8-gnu-toolchain/bin/../lib/gcc/avr/5.4.0/avr5\libgcc.a(_umulhisi3.o)
 .text          0x00000000        0x0 c:/program files (x86)/atmel/studio/7.0/toolchain/avr8/avr8-gnu-toolchain/bin/../lib/gcc/avr/5.4.0/avr5\libgcc.a(_muluhisi3.o)
 .data          0x00000000        0x0 c:/program files (x86)/atmel/studio/7.0/toolchain/avr8/avr8-gnu-toolchain/bin/../lib/gcc/avr/5.4.0/avr5\libgcc.a(_muluhisi3.o)
 .bss           0x00000000        0x0 c:/program files (x86)/atmel/studio/7.0/toolchain/avr8/avr8-gnu-toolchain/bin/../lib/gcc/avr/5.4.0/avr5\libgcc.a(_muluhisi3.o)
 .text.libgcc.mul
                0x00000000       0x16 c:/program files (x86)/atmel/studio/7.0/toolchain/avr8/avr8-gnu-toolchain/bin/../lib/gcc/avr/5.4.0/avr5\libgcc.a(_muluhisi3.o)
 .text.libgcc.div
                0x00000000        0x0 c:/program files (x86)/atmel/studio/7.0/toolchain/avr8/avr8-gnu-toolchain/bin/../lib/gcc/avr/5.4.0/avr5\libgcc.a(_muluhisi3.o)
 .text.libgcc   0x00000000        0x0 c:/program files (x86)/atmel/studio/7.0/toolchain/avr8/avr8-gnu-toolchain/bin/../lib/gcc/avr/5.4.0/avr5\libgcc.a(_muluhisi3.o)
 .text.libgcc.prologue
                0x00000000        0x0 c:/program files (x86)/atmel/studio/7.0/toolchain/avr8/avr8-gnu-toolchain/bin/../lib/gcc/avr/5.4.0/avr5\libgcc.a(_muluhisi3.o)
 .text.libgcc.builtins
                0x00000000        0x0 c:/program files (x86)/atmel/studio/7.0/toolchain/avr8/avr8-gnu-toolchain/bin/../lib/gcc/avr/5.4.0/avr5\libgcc.a(_muluhisi3.o)
 .text.libgcc.fmul
                0x00000000        0x0 c:/program files (x86)/atmel/studio/7.0/toolchain/avr8/avr8-gnu-toolchain/bin/../lib/gcc/avr/5.4.0/avr5\libgcc.a(_muluhisi3.o)
 .text.libgcc.fixed
                0x00000000        0x0 c:/program files (x86)/atmel/studio/7.0/toolchain/avr8/avr8-gnu-toolchain/bin/../lib/gcc/avr/5.4.0/avr5\libgcc.a(_muluhisi3.o)

Memory Configuration

Name             Origin             Length             Attributes
text             0x00000000         0x00008000         xr
data             0x00800060         0x00000800         rw !x
eeprom           0x00810000         0x00000400         rw !x
fuse             0x00820000         0x00000002         rw !x
lock             0x00830000         0x00000400         rw !x
signature        0x00840000         0x00000400         rw !x
user_signatures  0x00850000         0x00000400         rw !x
*default*        0x00000000         0xffffffff

Linker script and memory map

LOAD C:/Program Files (x86)/Atmel/Studio/7.0/Packs/atmel/ATmega_DFP/1.7.374/gcc/dev/atmega32/avr5/crtatmega32.o
LOAD APP/CALC.o
LOAD APP/CoSysConverter.o
LOAD APP/FireSystemSmart.o
LOAD APP/GarageSystem.o
LOAD APP/FireSystem.o
LOAD APP/MOVE.o
LOAD APP/MultiUltra.o
LOAD APP/SmartHome.o
LOAD APP/StopWatch.o
LOAD APP/TempFilter.o
LOAD HAL/KeyPad.o
LOAD HAL/KeyPad_cfg.o
LOAD HAL/LCD.o
LOAD HAL/LCD_cfg.o
LOAD HAL/MOTOR.o
LOAD HAL/MOTOR_cfg.o
LOAD HAL/RGB_LED_cfg.o
LOAD HAL/RGB_LED.o
LOAD HAL/SEGMENT.o
LOAD HAL/SEGMENT_cfg.o
LOAD HAL/SENSORS.o
LOAD HAL/SERVO.o
LOAD HAL/STEPPER.o
LOAD HAL/STEPPER_cfg.o
LOAD HAL/ULTRASONIC.o
LOAD LIBRARY/CQUEUE.o
LOAD LIBRARY/STACK.o
LOAD main.o
LOAD MCAL/ADC.o
LOAD MCAL/ADC_cfg.o
LOAD MCAL/DIO.o
LOAD MCAL/DIO_cfg.o
LOAD MCAL/EX_INTERRUPT.o
LOAD MCAL/EX_INTERRUPT_cfg.o
LOAD MCAL/I2C.o
LOAD MCAL/I2C_cfg.o
LOAD MCAL/NVM.o
LOAD MCAL/SPI.o
LOAD MCAL/Timers.o
LOAD MCAL/UART.o
LOAD MCAL/UART_cfg.o
LOAD MCAL/WDT.o
LOAD SERVICE/AdditionalFun.o
LOAD SERVICE/I2C_Services.o
LOAD SERVICE/SPI_Services.o
LOAD SERVICE/Timer_Services.o
LOAD SERVICE/UART_CQUEUE.o
LOAD SERVICE/UART_Services.o
LOAD SERVICE/UART_STACK.o
START GROUP
LOAD c:/program files (x86)/atmel/studio/7.0/toolchain/avr8/avr8-gnu-toolchain/bin/../lib/gcc/avr/5.4.0/../../../../avr/lib/avr5\libm.a
END GROUP
START GROUP
LOAD c:/program files (x86)/atmel/studio/7.0/toolchain/avr8/avr8-gnu-toolchain/bin/../lib/gcc/avr/5.4.0/avr5\libgcc.a
LOAD c:/program files (x86)/atmel/studio/7.0/toolchain/avr8/avr8-gnu-toolchain/bin/../lib/gcc/avr/5.4.0/../../../../avr/lib/avr5\libm.a
LOAD c:/program files (x86)/atmel/studio/7.0/toolchain/avr8/avr8-gnu-toolchain/bin/../lib/gcc/avr/5.4.0/../../../../avr/lib/avr5\libc.a
LOAD C:/Program Files (x86)/Atmel/Studio/7.0/Packs/atmel/ATmega_DFP/1.7.374/gcc/dev/atmega32/avr5\libatmega32.a
END GROUP
                0x00000000                __TEXT_REGION_ORIGIN__ = DEFINED (__TEXT_REGION_ORIGIN__)?__TEXT_REGION_ORIGIN__:0x0
                [0x00800060]                __DATA_REGION_ORIGIN__ = DEFINED (__DATA_REGION_ORIGIN__)?__DATA_REGION_ORIGIN__:0x800060
                [0x00008000]                __TEXT_REGION_LENGTH__ = DEFINED (__TEXT_REGION_LENGTH__)?__TEXT_REGION_LENGTH__:0x20000
                [0x00000800]                __DATA_REGION_LENGTH__ = DEFINED (__DATA_REGION_LENGTH__)?__DATA_REGION_LENGTH__:0xffa0
                [0x00000400]                __EEPROM_REGION_LENGTH__ = DEFINED (__EEPROM_REGION_LENGTH__)?__EEPROM_REGION_LENGTH__:0x10000
                [0x00000002]                __FUSE_REGION_LENGTH__ = DEFINED (__FUSE_REGION_LENGTH__)?__FUSE_REGION_LENGTH__:0x400
                0x00000400                __LOCK_REGION_LENGTH__ = DEFINED (__LOCK_REGION_LENGTH__)?__LOCK_REGION_LENGTH__:0x400
                0x00000400                __SIGNATURE_REGION_LENGTH__ = DEFINED (__SIGNATURE_REGION_LENGTH__)?__SIGNATURE_REGION_LENGTH__:0x400
                0x00000400                __USER_SIGNATURE_REGION_LENGTH__ = DEFINED (__USER_SIGNATURE_REGION_LENGTH__)?__USER_SIGNATURE_REGION_LENGTH__:0x400

.hash
 *(.hash)

.dynsym
 *(.dynsym)

.dynstr
 *(.dynstr)

.gnu.version
 *(.gnu.version)

.gnu.version_d
 *(.gnu.version_d)

.gnu.version_r
 *(.gnu.version_r)

.rel.init
 *(.rel.init)

.rela.init
 *(.rela.init)

.rel.text
 *(.rel.text)
 *(.rel.text.*)
 *(.rel.gnu.linkonce.t*)

.rela.text
 *(.rela.text)
 *(.rela.text.*)
 *(.rela.gnu.linkonce.t*)

.rel.fini
 *(.rel.fini)

.rela.fini
 *(.rela.fini)

.rel.rodata
 *(.rel.rodata)
 *(.rel.rodata.*)
 *(.rel.gnu.linkonce.r*)

.rela.rodata
 *(.rela.rodata)
 *(.rela.rodata.*)
 *(.rela.gnu.linkonce.r*)

.rel.data
 *(.rel.data)
 *(.rel.data.*)
 *(.rel.gnu.linkonce.d*)

.rela.data
 *(.rela.data)
 *(.rela.data.*)
 *(.rela.gnu.linkonce.d*)

.rel.ctors
 *(.rel.ctors)

.rela.ctors
 *(.rela.ctors)

.rel.dtors
 *(.rel.dtors)

.rela.dtors
 *(.rela.dtors)

.rel.got
 *(.rel.got)

.rela.got
 *(.rela.got)

.rel.bss
 *(.rel.bss)

.rela.bss
 *(.rela.bss)

.rel.plt
 *(.rel.plt)

.rela.plt
 *(.rela.plt)

.text           0x00000000      0x940
 *(.vectors)
 .vectors       0x00000000       0x54 C:/Program Files (x86)/Atmel/Studio/7.0/Packs/atmel/ATmega_DFP/1.7.374/gcc/dev/atmega32/avr5/crtatmega32.o
                0x00000000                __vector_default
                0x00000000                __vectors
 *(.vectors)
 *(.progmem.gcc*)
                0x00000054                . = ALIGN (0x2)
                0x00000054                __trampolines_start = .
 *(.trampolines)
 .trampolines   0x00000054        0x0 linker stubs
 *(.trampolines*)
                0x00000054                __trampolines_end = .
 *libprintf_flt.a:*(.progmem.data)
 *libc.a:*(.progmem.data)
 *(.progmem*)
                0x00000054                . = ALIGN (0x2)
 *(.jumptables)
 *(.jumptables*)
 *(.lowtext)
 *(.lowtext*)
                0x00000054                __ctors_start = .
 *(.ctors)
                0x00000054                __ctors_end = .
                0x00000054                __dtors_start = .
 *(.dtors)
                0x00000054                __dtors_end = .
 SORT(*)(.ctors)
 SORT(*)(.dtors)
 *(.init0)
 .init0         0x00000054        0x0 C:/Program Files (x86)/Atmel/Studio/7.0/Packs/atmel/ATmega_DFP/1.7.374/gcc/dev/atmega32/avr5/crtatmega32.o
                0x00000054                __init
 *(.init0)
 *(.init1)
 *(.init1)
 *(.init2)
 .init2         0x00000054        0xc C:/Program Files (x86)/Atmel/Studio/7.0/Packs/atmel/ATmega_DFP/1.7.374/gcc/dev/atmega32/avr5/crtatmega32.o
 *(.init2)
 *(.init3)
 *(.init3)
 *(.init4)
 .init4         0x00000060       0x16 c:/program files (x86)/atmel/studio/7.0/toolchain/avr8/avr8-gnu-toolchain/bin/../lib/gcc/avr/5.4.0/avr5\libgcc.a(_copy_data.o)
                0x00000060                __do_copy_data
 .init4         0x00000076       0x10 c:/program files (x86)/atmel/studio/7.0/toolchain/avr8/avr8-gnu-toolchain/bin/../lib/gcc/avr/5.4.0/avr5\libgcc.a(_clear_bss.o)
                0x00000076                __do_clear_bss
 *(.init4)
 *(.init5)
 *(.init5)
 *(.init6)
 *(.init6)
 *(.init7)
 *(.init7)
 *(.init8)
 *(.init8)
 *(.init9)
 .init9         0x00000086        0x8 C:/Program Files (x86)/Atmel/Studio/7.0/Packs/atmel/ATmega_DFP/1.7.374/gcc/dev/atmega32/avr5/crtatmega32.o
 *(.init9)
 *(.text)
 .text          0x0000008e        0x4 C:/Program Files (x86)/Atmel/Studio/7.0/Packs/atmel/ATmega_DFP/1.7.374/gcc/dev/atmega32/avr5/crtatmega32.o
                0x0000008e                __bad_interrupt
                0x0000008e                __vector_17
                0x0000008e                __vector_19
                0x0000008e                __vector_4
                0x0000008e                __vector_14
                0x0000008e                __vector_10
                0x0000008e                __vector_16
                0x0000008e                __vector_18
                0x0000008e                __vector_20
                0x00000092                . = ALIGN (0x2)
 *(.text.*)
 .text.WriteData
                0x00000092       0xc0 HAL/LCD.o
 .text.LCD_WriteNumber4D
                0x00000152       0xac HAL/LCD.o
                0x00000152                LCD_WriteNumber4D
 .text.startup.main
                0x000001fe       0x18 main.o
                0x000001fe                main
 .text.DIO_Init
                0x00000216      0x1b4 MCAL/DIO.o
                0x00000216                DIO_Init
 .text.DIO_TogglePin
                0x000003ca       0x86 MCAL/DIO.o
                0x000003ca                DIO_TogglePin
 .text.DIO_WritePin
                0x00000450       0xd0 MCAL/DIO.o
                0x00000450                DIO_WritePin
 .text.__vector_1
                0x00000520       0x52 MCAL/EX_INTERRUPT.o
                0x00000520                __vector_1
 .text.__vector_2
                0x00000572       0x52 MCAL/EX_INTERRUPT.o
                0x00000572                __vector_2
 .text.__vector_3
                0x000005c4       0x52 MCAL/EX_INTERRUPT.o
                0x000005c4                __vector_3
 .text.__vector_12
                0x00000616       0x52 MCAL/SPI.o
                0x00000616                __vector_12
 .text.__vector_11
                0x00000668       0x52 MCAL/Timers.o
                0x00000668                __vector_11
 .text.__vector_9
                0x000006ba       0x52 MCAL/Timers.o
                0x000006ba                __vector_9
 .text.__vector_7
                0x0000070c       0x52 MCAL/Timers.o
                0x0000070c                __vector_7
 .text.__vector_8
                0x0000075e       0x52 MCAL/Timers.o
                0x0000075e                __vector_8
 .text.__vector_6
                0x000007b0       0x52 MCAL/Timers.o
                0x000007b0                __vector_6
 .text.__vector_5
                0x00000802       0x52 MCAL/Timers.o
                0x00000802                __vector_5
 .text.__vector_15
                0x00000854       0x52 MCAL/UART.o
                0x00000854                __vector_15
 .text.__vector_13
                0x000008a6       0x52 MCAL/UART.o
                0x000008a6                __vector_13
 .text.libgcc.div
                0x000008f8       0x44 c:/program files (x86)/atmel/studio/7.0/toolchain/avr8/avr8-gnu-toolchain/bin/../lib/gcc/avr/5.4.0/avr5\libgcc.a(_udivmodsi4.o)
                0x000008f8                __udivmodsi4
                0x0000093c                . = ALIGN (0x2)
 *(.fini9)
 .fini9         0x0000093c        0x0 c:/program files (x86)/atmel/studio/7.0/toolchain/avr8/avr8-gnu-toolchain/bin/../lib/gcc/avr/5.4.0/avr5\libgcc.a(_exit.o)
                0x0000093c                _exit
                0x0000093c                exit
 *(.fini9)
 *(.fini8)
 *(.fini8)
 *(.fini7)
 *(.fini7)
 *(.fini6)
 *(.fini6)
 *(.fini5)
 *(.fini5)
 *(.fini4)
 *(.fini4)
 *(.fini3)
 *(.fini3)
 *(.fini2)
 *(.fini2)
 *(.fini1)
 *(.fini1)
 *(.fini0)
 .fini0         0x0000093c        0x4 c:/program files (x86)/atmel/studio/7.0/toolchain/avr8/avr8-gnu-toolchain/bin/../lib/gcc/avr/5.4.0/avr5\libgcc.a(_exit.o)
 *(.fini0)
                0x00000940                _etext = .

.data           0x00800060       0x20 load address 0x00000940
                0x00800060                PROVIDE (__data_start, .)
 *(.data)
 *(.data*)
 .data.PinsStatusArray
                0x00800060       0x20 MCAL/DIO_cfg.o
                0x00800060                PinsStatusArray
 *(.gnu.linkonce.d*)
 *(.rodata)
 *(.rodata*)
 *(.gnu.linkonce.r*)
                0x00800080                . = ALIGN (0x2)
                0x00800080                _edata = .
                0x00800080                PROVIDE (__data_end, .)

.bss            0x00800080       0x18
                0x00800080                PROVIDE (__bss_start, .)
 *(.bss)
 *(.bss*)
 .bss.INT2_fptr
                0x00800080        0x2 MCAL/EX_INTERRUPT.o
 .bss.INT1_fptr
                0x00800082        0x2 MCAL/EX_INTERRUPT.o
 .bss.INT0_fptr
                0x00800084        0x2 MCAL/EX_INTERRUPT.o
 .bss.Spi_Fptr  0x00800086        0x2 MCAL/SPI.o
 .bss.Timer2_OVF_Fptr
                0x00800088        0x2 MCAL/Timers.o
 .bss.Timer1_ICU_Fptr
                0x0080008a        0x2 MCAL/Timers.o
 .bss.Timer1_OCB_Fptr
                0x0080008c        0x2 MCAL/Timers.o
 .bss.Timer1_OCA_Fptr
                0x0080008e        0x2 MCAL/Timers.o
 .bss.Timer1_OVF_Fptr
                0x00800090        0x2 MCAL/Timers.o
 .bss.Timer0_OVF_Fptr
                0x00800092        0x2 MCAL/Timers.o
 .bss.fptr_RX   0x00800094        0x2 MCAL/UART.o
 .bss.fptr_TX   0x00800096        0x2 MCAL/UART.o
 *(COMMON)
                0x00800098                PROVIDE (__bss_end, .)
                0x00000940                __data_load_start = LOADADDR (.data)
                0x00000960                __data_load_end = (__data_load_start + SIZEOF (.data))

.noinit         0x00800098        0x0
                [!provide]                PROVIDE (__noinit_start, .)
 *(.noinit*)
                [!provide]                PROVIDE (__noinit_end, .)
                0x00800098                _end = .
                [!provide]                PROVIDE (__heap_start, .)

.eeprom         0x00810000        0x0
 *(.eeprom*)
                0x00810000                __eeprom_end = .

.fuse
 *(.fuse)
 *(.lfuse)
 *(.hfuse)
 *(.efuse)

.lock
 *(.lock*)

.signature
 *(.signature*)

.user_signatures
 *(.user_signatures*)

.stab
 *(.stab)

.stabstr
 *(.stabstr)

.stab.excl
 *(.stab.excl)

.stab.exclstr
 *(.stab.exclstr)

.stab.index
 *(.stab.index)

.stab.indexstr
 *(.stab.indexstr)

.comment        0x00000000       0x30
 *(.comment)
 .comment       0x00000000       0x30 HAL/LCD.o
                                 0x31 (size before relaxing)
 .comment       0x00000030       0x31 main.o
 .comment       0x00000030       0x31 MCAL/DIO.o
 .comment       0x00000030       0x31 MCAL/DIO_cfg.o
 .comment       0x00000030       0x31 MCAL/EX_INTERRUPT.o
 .comment       0x00000030       0x31 MCAL/SPI.o
 .comment       0x00000030       0x31 MCAL/Timers.o
 .comment       0x00000030       0x31 MCAL/UART.o

.note.gnu.avr.deviceinfo
                0x00000000       0x3c
 .note.gnu.avr.deviceinfo
                0x00000000       0x3c C:/Program Files (x86)/Atmel/Studio/7.0/Packs/atmel/ATmega_DFP/1.7.374/gcc/dev/atmega32/avr5/crtatmega32.o

.note.gnu.build-id
 *(.note.gnu.build-id)

.debug
 *(.debug)

.line
 *(.line)

.debug_srcinfo
 *(.debug_srcinfo)

.debug_sfnames
 *(.debug_sfnames)

.debug_aranges
 *(.debug_aranges)

.debug_pubnames
 *(.debug_pubnames)

.debug_info     0x00000000      0x4e6
 *(.debug_info .gnu.linkonce.wi.*)
 .debug_info    0x00000000      0x4e6 C:/Program Files (x86)/Atmel/Studio/7.0/Packs/atmel/ATmega_DFP/1.7.374/gcc/dev/atmega32/avr5/crtatmega32.o

.debug_abbrev   0x00000000      0x4a3
 *(.debug_abbrev)
 .debug_abbrev  0x00000000      0x4a3 C:/Program Files (x86)/Atmel/Studio/7.0/Packs/atmel/ATmega_DFP/1.7.374/gcc/dev/atmega32/avr5/crtatmega32.o

.debug_line     0x00000000      0x116
 *(.debug_line .debug_line.* .debug_line_end)
 .debug_line    0x00000000      0x116 C:/Program Files (x86)/Atmel/Studio/7.0/Packs/atmel/ATmega_DFP/1.7.374/gcc/dev/atmega32/avr5/crtatmega32.o

.debug_frame
 *(.debug_frame)

.debug_str      0x00000000      0x196
 *(.debug_str)
 .debug_str     0x00000000      0x196 C:/Program Files (x86)/Atmel/Studio/7.0/Packs/atmel/ATmega_DFP/1.7.374/gcc/dev/atmega32/avr5/crtatmega32.o

.debug_loc
 *(.debug_loc)

.debug_macinfo
 *(.debug_macinfo)

.debug_weaknames
 *(.debug_weaknames)

.debug_funcnames
 *(.debug_funcnames)

.debug_typenames
 *(.debug_typenames)

.debug_varnames
 *(.debug_varnames)

.debug_pubtypes
 *(.debug_pubtypes)

.debug_ranges
 *(.debug_ranges)

.debug_macro
 *(.debug_macro)
OUTPUT(learning.elf elf32-avr)
LOAD linker stubs
